Archive member included to satisfy reference by file (symbol)

app/libapp.a(main.c.obj)      (--whole-archive)
zephyr/libzephyr.a(heap.c.obj)
                              (--whole-archive)
zephyr/libzephyr.a(cbprintf_packaged.c.obj)
                              (--whole-archive)
zephyr/libzephyr.a(printk.c.obj)
                              (--whole-archive)
zephyr/libzephyr.a(sem.c.obj)
                              (--whole-archive)
zephyr/libzephyr.a(thread_entry.c.obj)
                              (--whole-archive)
zephyr/libzephyr.a(cbprintf_complete.c.obj)
                              (--whole-archive)
zephyr/libzephyr.a(assert.c.obj)
                              (--whole-archive)
zephyr/libzephyr.a(reboot.c.obj)
                              (--whole-archive)
zephyr/libzephyr.a(dec.c.obj)
                              (--whole-archive)
zephyr/libzephyr.a(hex.c.obj)
                              (--whole-archive)
zephyr/libzephyr.a(rb.c.obj)  (--whole-archive)
zephyr/libzephyr.a(timeutil.c.obj)
                              (--whole-archive)
zephyr/libzephyr.a(bitarray.c.obj)
                              (--whole-archive)
zephyr/libzephyr.a(configs.c.obj)
                              (--whole-archive)
zephyr/libzephyr.a(stm32cube_hal.c.obj)
                              (--whole-archive)
zephyr/libzephyr.a(soc_config.c.obj)
                              (--whole-archive)
zephyr/libzephyr.a(soc.c.obj)
                              (--whole-archive)
zephyr/libzephyr.a(tracing_none.c.obj)
                              (--whole-archive)
zephyr/arch/common/libarch__common.a(sw_isr_common.c.obj)
                              (--whole-archive)
zephyr/arch/arch/arm/core/libarch__arm__core.a(fatal.c.obj)
                              (--whole-archive)
zephyr/arch/arch/arm/core/libarch__arm__core.a(nmi.c.obj)
                              (--whole-archive)
zephyr/arch/arch/arm/core/libarch__arm__core.a(nmi_on_reset.S.obj)
                              (--whole-archive)
zephyr/arch/arch/arm/core/libarch__arm__core.a(tls.c.obj)
                              (--whole-archive)
zephyr/arch/arch/arm/core/cortex_m/libarch__arm__core__cortex_m.a(exc_exit.c.obj)
                              (--whole-archive)
zephyr/arch/arch/arm/core/cortex_m/libarch__arm__core__cortex_m.a(fault.c.obj)
                              (--whole-archive)
zephyr/arch/arch/arm/core/cortex_m/libarch__arm__core__cortex_m.a(fault_s.S.obj)
                              (--whole-archive)
zephyr/arch/arch/arm/core/cortex_m/libarch__arm__core__cortex_m.a(fpu.c.obj)
                              (--whole-archive)
zephyr/arch/arch/arm/core/cortex_m/libarch__arm__core__cortex_m.a(reset.S.obj)
                              (--whole-archive)
zephyr/arch/arch/arm/core/cortex_m/libarch__arm__core__cortex_m.a(scb.c.obj)
                              (--whole-archive)
zephyr/arch/arch/arm/core/cortex_m/libarch__arm__core__cortex_m.a(thread_abort.c.obj)
                              (--whole-archive)
zephyr/arch/arch/arm/core/cortex_m/libarch__arm__core__cortex_m.a(vector_table.S.obj)
                              (--whole-archive)
zephyr/arch/arch/arm/core/cortex_m/libarch__arm__core__cortex_m.a(swap.c.obj)
                              (--whole-archive)
zephyr/arch/arch/arm/core/cortex_m/libarch__arm__core__cortex_m.a(swap_helper.S.obj)
                              (--whole-archive)
zephyr/arch/arch/arm/core/cortex_m/libarch__arm__core__cortex_m.a(irq_manage.c.obj)
                              (--whole-archive)
zephyr/arch/arch/arm/core/cortex_m/libarch__arm__core__cortex_m.a(prep_c.c.obj)
                              (--whole-archive)
zephyr/arch/arch/arm/core/cortex_m/libarch__arm__core__cortex_m.a(thread.c.obj)
                              (--whole-archive)
zephyr/arch/arch/arm/core/cortex_m/libarch__arm__core__cortex_m.a(cpu_idle.c.obj)
                              (--whole-archive)
zephyr/arch/arch/arm/core/cortex_m/libarch__arm__core__cortex_m.a(irq_init.c.obj)
                              (--whole-archive)
zephyr/arch/arch/arm/core/cortex_m/libarch__arm__core__cortex_m.a(isr_wrapper.c.obj)
                              (--whole-archive)
zephyr/arch/arch/arm/core/cortex_m/libarch__arm__core__cortex_m.a(__aeabi_read_tp.S.obj)
                              (--whole-archive)
zephyr/lib/libc/picolibc/liblib__libc__picolibc.a(libc-hooks.c.obj)
                              (--whole-archive)
zephyr/lib/libc/common/liblib__libc__common.a(abort.c.obj)
                              (--whole-archive)
zephyr/lib/libc/common/liblib__libc__common.a(malloc.c.obj)
                              (--whole-archive)
zephyr/drivers/interrupt_controller/libdrivers__interrupt_controller.a(intc_exti_stm32.c.obj)
                              (--whole-archive)
zephyr/drivers/adc/libdrivers__adc.a(adc_common.c.obj)
                              (--whole-archive)
zephyr/drivers/adc/libdrivers__adc.a(adc_stm32.c.obj)
                              (--whole-archive)
[...]
Memory Configuration

Name             Origin             Length             Attributes
FLASH            0x0000000008000000 0x0000000000020000 xr
RAM              0x0000000020000000 0x0000000000005000 xw
IDT_LIST         0x00000000ffff7fff 0x0000000000008000 xw
*default*        0x0000000000000000 0xffffffffffffffff

Linker script and memory map

                0x00000000080032e4                vfprintf = __l_vfprintf
                0x0000000000000000                vfscanf = __l_vfscanf
LOAD zephyr/CMakeFiles/zephyr_final.dir/misc/empty_file.c.obj
LOAD zephyr/CMakeFiles/zephyr_final.dir/isr_tables.c.obj
LOAD zephyr/CMakeFiles/offsets.dir/./arch/arm/core/offsets/offsets.c.obj
LOAD app/libapp.a
LOAD zephyr/libzephyr.a
LOAD zephyr/arch/common/libarch__common.a
LOAD zephyr/arch/arch/arm/core/libarch__arm__core.a
LOAD zephyr/arch/arch/arm/core/cortex_m/libarch__arm__core__cortex_m.a
LOAD zephyr/lib/libc/picolibc/liblib__libc__picolibc.a
LOAD zephyr/lib/libc/common/liblib__libc__common.a
LOAD zephyr/drivers/interrupt_controller/libdrivers__interrupt_controller.a
LOAD zephyr/drivers/adc/libdrivers__adc.a
LOAD zephyr/drivers/clock_control/libdrivers__clock_control.a
LOAD zephyr/drivers/console/libdrivers__console.a
LOAD zephyr/drivers/gpio/libdrivers__gpio.a
LOAD zephyr/drivers/pinctrl/libdrivers__pinctrl.a
LOAD zephyr/drivers/reset/libdrivers__reset.a
LOAD zephyr/drivers/sensor/st/stm32_temp/libdrivers__sensor__st__stm32_temp.a
LOAD zephyr/drivers/serial/libdrivers__serial.a
LOAD zephyr/drivers/timer/libdrivers__timer.a
LOAD modules/stm32/stm32cube/lib..__modules__hal__stm32__stm32cube.a
LOAD zephyr/kernel/libkernel.a
LOAD /home/mateusz/zephyr-sdk-0.16.8/arm-zephyr-eabi/bin/../lib/gcc/arm-zephyr-eabi/12.2.0/thumb/v7-m/nofp/libgcc.a
LOAD zephyr/arch/common/libisr_tables.a
LOAD /home/mateusz/zephyr-sdk-0.16.8/arm-zephyr-eabi/bin/../lib/gcc/../../picolibc/arm-zephyr-eabi/lib/thumb/v7-m/nofp/libc.a
LOAD /home/mateusz/zephyr-sdk-0.16.8/arm-zephyr-eabi/bin/../lib/gcc/arm-zephyr-eabi/12.2.0/thumb/v7-m/nofp/libgcc.a
                0x0000000000000004                _region_min_align = 0x4

.rel.plt        0x0000000008000000        0x0
 *(SORT_BY_ALIGNMENT(.rel.plt))
                [!provide]                        PROVIDE (__rel_iplt_start = .)
 *(SORT_BY_ALIGNMENT(.rel.iplt))
 .rel.iplt      0x0000000008000000        0x0 zephyr/CMakeFiles/zephyr_final.dir/isr_tables.c.obj
                [!provide]                        PROVIDE (__rel_iplt_end = .)

.rela.plt       0x0000000000000000        0x0
 *(SORT_BY_ALIGNMENT(.rela.plt))
                [!provide]                        PROVIDE (__rela_iplt_start = .)
 *(SORT_BY_ALIGNMENT(.rela.iplt))
                [!provide]                        PROVIDE (__rela_iplt_end = .)

.rel.dyn
 *(SORT_BY_ALIGNMENT(.rel.*))

.rela.dyn
 *(SORT_BY_ALIGNMENT(.rela.*))

/DISCARD/
 *(SORT_BY_ALIGNMENT(.plt))

/DISCARD/
 *(SORT_BY_ALIGNMENT(.iplt))
                0x0000000008000000                __rom_region_start = 0x8000000

rom_start       0x0000000008000000       0xec
                0x0000000008000000                __rom_start_address = .
 FILL mask 0x00
                0x0000000008000000                . = (. + (0x0 - (. - __rom_start_address)))
                0x0000000008000000                . = ALIGN (0x4)
                0x0000000008000000                . = ALIGN (0x80)
                0x0000000008000000                . = ALIGN (0x100)
                0x0000000008000000                _vector_start = .
 *(SORT_BY_ALIGNMENT(.exc_vector_table))
 *(SORT_BY_ALIGNMENT(.exc_vector_table.*))
 .exc_vector_table._vector_table_section
                0x0000000008000000       0x40 zephyr/arch/arch/arm/core/cortex_m/libarch__arm__core__cortex_m.a(vector_table.S.obj)
                0x0000000008000000                _vector_table
 *(SORT_BY_ALIGNMENT(.vectors))
                0x00000000080000ec                _vector_end = .
                0x0000000008000040                . = ALIGN (0x4)
 *(SORT_BY_ALIGNMENT(.gnu.linkonce.irq_vector_table*))
 .gnu.linkonce.irq_vector_table
                0x0000000008000040       0xac zephyr/CMakeFiles/zephyr_final.dir/isr_tables.c.obj
                0x0000000008000040                _irq_vector_table
                0x00000000080000ec                _vector_end = .

text            0x00000000080000ec     0x42e4
                0x00000000080000ec                __text_region_start = .
 *(SORT_BY_ALIGNMENT(.text))
 .text          0x00000000080000ec      0x21c /home/mateusz/zephyr-sdk-0.16.8/arm-zephyr-eabi/bin/../lib/gcc/arm-zephyr-eabi/12.2.0/thumb/v7-m/nofp/libgcc.a(_arm_addsubsf3.o)
                0x00000000080000ec                __aeabi_frsub
                0x00000000080000f4                __subsf3
                0x00000000080000f4                __aeabi_fsub
                0x00000000080000f8                __aeabi_fadd
                0x00000000080000f8                __addsf3
                0x0000000008000258                __aeabi_ui2f
                0x0000000008000258                __floatunsisf
                0x0000000008000260                __aeabi_i2f
                0x0000000008000260                __floatsisf
                0x000000000800027c                __floatundisf
                0x000000000800027c                __aeabi_ul2f
                0x000000000800028c                __floatdisf
                0x000000000800028c                __aeabi_l2f
 .text          0x0000000008000308      0x2a0 /home/mateusz/zephyr-sdk-0.16.8/arm-zephyr-eabi/bin/../lib/gcc/arm-zephyr-eabi/12.2.0/thumb/v7-m/nofp/libgcc.a(_arm_muldivsf3.o)
                0x0000000008000308                __mulsf3
                0x0000000008000308                __aeabi_fmul
                0x0000000008000470                __divsf3
                0x0000000008000470                __aeabi_fdiv
 .text          0x00000000080005a8       0xec /home/mateusz/zephyr-sdk-0.16.8/arm-zephyr-eabi/bin/../lib/gcc/arm-zephyr-eabi/12.2.0/thumb/v7-m/nofp/libgcc.a(_arm_cmpsf2.o)
                0x00000000080005a8                __gtsf2
                0x00000000080005a8                __gesf2
                0x00000000080005b0                __lesf2
                0x00000000080005b0                __ltsf2
                0x00000000080005b8                __nesf2
                0x00000000080005b8                __eqsf2
                0x00000000080005b8                __cmpsf2
                0x0000000008000618                __aeabi_cfrcmple
                0x0000000008000620                __aeabi_cfcmple
                0x0000000008000620                __aeabi_cfcmpeq
                0x0000000008000630                __aeabi_fcmpeq
                0x0000000008000644                __aeabi_fcmplt
                0x0000000008000658                __aeabi_fcmple
                0x000000000800066c                __aeabi_fcmpge
                0x0000000008000680                __aeabi_fcmpgt
 .text          0x0000000008000694       0x4c /home/mateusz/zephyr-sdk-0.16.8/arm-zephyr-eabi/bin/../lib/gcc/arm-zephyr-eabi/12.2.0/thumb/v7-m/nofp/libgcc.a(_arm_fixsfsi.o)
                0x0000000008000694                __fixsfsi
                0x0000000008000694                __aeabi_f2iz
 .text          0x00000000080006e0       0x30 /home/mateusz/zephyr-sdk-0.16.8/arm-zephyr-eabi/bin/../lib/gcc/arm-zephyr-eabi/12.2.0/thumb/v7-m/nofp/libgcc.a(_aeabi_uldivmod.o)
                0x00000000080006e0                __aeabi_uldivmod
 .text          0x0000000008000710        0x4 /home/mateusz/zephyr-sdk-0.16.8/arm-zephyr-eabi/bin/../lib/gcc/arm-zephyr-eabi/12.2.0/thumb/v7-m/nofp/libgcc.a(_dvmd_tls.o)
                0x0000000008000710                __aeabi_ldiv0
                0x0000000008000710                __aeabi_idiv0
 .text          0x0000000008000714       0x26 /home/mateusz/zephyr-sdk-0.16.8/arm-zephyr-eabi/bin/../lib/gcc/arm-zephyr-eabi/12.2.0/thumb/v7-m/nofp/libgcc.a(_popcountsi2.o)
                0x0000000008000714                __popcountsi2
 .text          0x000000000800073a      0x2a0 /home/mateusz/zephyr-sdk-0.16.8/arm-zephyr-eabi/bin/../lib/gcc/arm-zephyr-eabi/12.2.0/thumb/v7-m/nofp/libgcc.a(_udivmoddi4.o)
                0x000000000800073a                __udivmoddi4
 *(SORT_BY_ALIGNMENT(.text.*))
 *fill*         0x00000000080009da        0x2 
 .text.button_press
                0x00000000080009dc       0x24 app/libapp.a(main.c.obj)
                0x00000000080009dc                button_press
 .text.calculate_entry
                0x0000000008000a00       0x30 app/libapp.a(main.c.obj)
                0x0000000008000a00                calculate_entry
 .text.adc_sampler_cb
                0x0000000008000a30       0x38 app/libapp.a(main.c.obj)
                0x0000000008000a30                adc_sampler_cb
 .text.process_inputs_entry
                0x0000000008000a68       0x6c app/libapp.a(main.c.obj)
                0x0000000008000a68                process_inputs_entry
 .text.main     0x0000000008000ad4       0xc0 app/libapp.a(main.c.obj)
                0x0000000008000ad4                main
 .text.char_out
                0x0000000008000b94        0xc zephyr/libzephyr.a(printk.c.obj)
 .text.__printk_hook_install
                0x0000000008000ba0        0xc zephyr/libzephyr.a(printk.c.obj)
                0x0000000008000ba0                __printk_hook_install
 .text.vprintk  0x0000000008000bac       0x30 zephyr/libzephyr.a(printk.c.obj)
                0x0000000008000bac                vprintk
 .text.z_thread_entry
                0x0000000008000bdc       0x34 zephyr/libzephyr.a(thread_entry.c.obj)
                0x0000000008000bdc                z_thread_entry
 .text.st_stm32_common_config
                0x0000000008000c10       0x14 zephyr/libzephyr.a(soc_config.c.obj)
 .text.stm32f1_init
                0x0000000008000c24       0x20 zephyr/libzephyr.a(soc.c.obj)
 .text.z_arm_nmi
                0x0000000008000c44       0x14 zephyr/arch/arch/arm/core/libarch__arm__core.a(nmi.c.obj)
                0x0000000008000c44                z_arm_nmi
 .text.z_SysNmiOnReset
                0x0000000008000c58        0x8 zephyr/arch/arch/arm/core/libarch__arm__core.a(nmi_on_reset.S.obj)
                0x0000000008000c58                z_SysNmiOnReset
 .text.arch_tls_stack_setup
                0x0000000008000c60       0x40 zephyr/arch/arch/arm/core/libarch__arm__core.a(tls.c.obj)
                0x0000000008000c60                arch_tls_stack_setup
 .text._HandlerModeExit
                0x0000000008000ca0       0x28 zephyr/arch/arch/arm/core/cortex_m/libarch__arm__core__cortex_m.a(exc_exit.c.obj)
                0x0000000008000ca0                z_arm_exc_exit
                0x0000000008000ca0                z_arm_int_exit
 .text.usage_fault.constprop.0
                0x0000000008000cc8       0x54 zephyr/arch/arch/arm/core/cortex_m/libarch__arm__core__cortex_m.a(fault.c.obj)
 .text.bus_fault.constprop.0
                0x0000000008000d1c       0x60 zephyr/arch/arch/arm/core/cortex_m/libarch__arm__core__cortex_m.a(fault.c.obj)
 .text.mem_manage_fault.constprop.0
                0x0000000008000d7c       0x5c zephyr/arch/arch/arm/core/cortex_m/libarch__arm__core__cortex_m.a(fault.c.obj)
 .text.z_arm_fault
                0x0000000008000dd8      0x124 zephyr/arch/arch/arm/core/cortex_m/libarch__arm__core__cortex_m.a(fault.c.obj)
                0x0000000008000dd8                z_arm_fault
 .text.z_arm_fault_init
                0x0000000008000efc       0x10 zephyr/arch/arch/arm/core/cortex_m/libarch__arm__core__cortex_m.a(fault.c.obj)
                0x0000000008000efc                z_arm_fault_init
 .text.__fault  0x0000000008000f0c       0x14 zephyr/arch/arch/arm/core/cortex_m/libarch__arm__core__cortex_m.a(fault_s.S.obj)
                0x0000000008000f0c                z_arm_bus_fault
                0x0000000008000f0c                z_arm_usage_fault
                0x0000000008000f0c                z_arm_mpu_fault
                0x0000000008000f0c                z_arm_exc_spurious
                0x0000000008000f0c                z_arm_debug_monitor
                0x0000000008000f0c                z_arm_hard_fault
 .text._reset_section
                0x0000000008000f20       0x2c zephyr/arch/arch/arm/core/cortex_m/libarch__arm__core__cortex_m.a(reset.S.obj)
                0x0000000008000f20                z_arm_reset
                0x0000000008000f20                __start
 .text.z_impl_k_thread_abort
                0x0000000008000f4c       0x2c zephyr/arch/arch/arm/core/cortex_m/libarch__arm__core__cortex_m.a(thread_abort.c.obj)
                0x0000000008000f4c                z_impl_k_thread_abort
 .text.arch_swap
                0x0000000008000f78       0x30 zephyr/arch/arch/arm/core/cortex_m/libarch__arm__core__cortex_m.a(swap.c.obj)
                0x0000000008000f78                arch_swap
 .text.z_arm_pendsv_c
                0x0000000008000fa8       0x40 zephyr/arch/arch/arm/core/cortex_m/libarch__arm__core__cortex_m.a(swap.c.obj)
                0x0000000008000fa8                z_arm_pendsv_c
 .text.z_arm_pendsv
                0x0000000008000fe8       0x34 zephyr/arch/arch/arm/core/cortex_m/libarch__arm__core__cortex_m.a(swap_helper.S.obj)
                0x0000000008000fe8                z_arm_pendsv
 .text.z_arm_svc
                0x000000000800101c       0x20 zephyr/arch/arch/arm/core/cortex_m/libarch__arm__core__cortex_m.a(swap_helper.S.obj)
                0x000000000800101c                z_arm_svc
 .text.arch_irq_enable
                0x000000000800103c       0x1c zephyr/arch/arch/arm/core/cortex_m/libarch__arm__core__cortex_m.a(irq_manage.c.obj)
                0x000000000800103c                arch_irq_enable
 .text.z_arm_irq_priority_set
                0x0000000008001058       0x2c zephyr/arch/arch/arm/core/cortex_m/libarch__arm__core__cortex_m.a(irq_manage.c.obj)
                0x0000000008001058                z_arm_irq_priority_set
 .text.z_prep_c
                0x0000000008001084       0x30 zephyr/arch/arch/arm/core/cortex_m/libarch__arm__core__cortex_m.a(prep_c.c.obj)
                0x0000000008001084                z_prep_c
 .text.arch_new_thread
                0x00000000080010b4       0x38 zephyr/arch/arch/arm/core/cortex_m/libarch__arm__core__cortex_m.a(thread.c.obj)
                0x00000000080010b4                arch_new_thread
 .text.arch_switch_to_main_thread
                0x00000000080010ec       0x40 zephyr/arch/arch/arm/core/cortex_m/libarch__arm__core__cortex_m.a(thread.c.obj)
                0x00000000080010ec                arch_switch_to_main_thread
 .text.z_arm_cpu_idle_init
                0x000000000800112c        0xc zephyr/arch/arch/arm/core/cortex_m/libarch__arm__core__cortex_m.a(cpu_idle.c.obj)
                0x000000000800112c                z_arm_cpu_idle_init
 .text.z_arm_interrupt_init
                0x0000000008001138       0x18 zephyr/arch/arch/arm/core/cortex_m/libarch__arm__core__cortex_m.a(irq_init.c.obj)
                0x0000000008001138                z_arm_interrupt_init
 .text._isr_wrapper
                0x0000000008001150       0x24 zephyr/arch/arch/arm/core/cortex_m/libarch__arm__core__cortex_m.a(isr_wrapper.c.obj)
                0x0000000008001150                _isr_wrapper
 .text.z_impl_zephyr_fputc
                0x0000000008001174       0x10 zephyr/lib/libc/picolibc/liblib__libc__picolibc.a(libc-hooks.c.obj)
                0x0000000008001174                z_impl_zephyr_fputc
 .text.__stdout_hook_install
                0x0000000008001184       0x18 zephyr/lib/libc/picolibc/liblib__libc__picolibc.a(libc-hooks.c.obj)
                0x0000000008001184                __stdout_hook_install
 .text.malloc_prepare
                0x000000000800119c       0x24 zephyr/lib/libc/common/liblib__libc__common.a(malloc.c.obj)
 .text.stm32_exti_isr
                0x00000000080011c0       0x4c zephyr/drivers/interrupt_controller/libdrivers__interrupt_controller.a(intc_exti_stm32.c.obj)
 .text.stm32_fill_irq_table
                0x000000000800120c       0x18 zephyr/drivers/interrupt_controller/libdrivers__interrupt_controller.a(intc_exti_stm32.c.obj)
 .text.stm32_exti_enable
                0x0000000008001224       0x24 zephyr/drivers/interrupt_controller/libdrivers__interrupt_controller.a(intc_exti_stm32.c.obj)
                0x0000000008001224                stm32_exti_enable
 .text.stm32_exti_disable
                0x0000000008001248       0x18 zephyr/drivers/interrupt_controller/libdrivers__interrupt_controller.a(intc_exti_stm32.c.obj)
                0x0000000008001248                stm32_exti_disable
 .text.stm32_exti_trigger
                0x0000000008001260       0x60 zephyr/drivers/interrupt_controller/libdrivers__interrupt_controller.a(intc_exti_stm32.c.obj)
                0x0000000008001260                stm32_exti_trigger
 .text.stm32_exti_set_callback
                0x00000000080012c0       0x30 zephyr/drivers/interrupt_controller/libdrivers__interrupt_controller.a(intc_exti_stm32.c.obj)
                0x00000000080012c0                stm32_exti_set_callback
 .text.stm32_exti_unset_callback
                0x00000000080012f0       0x14 zephyr/drivers/interrupt_controller/libdrivers__interrupt_controller.a(intc_exti_stm32.c.obj)
                0x00000000080012f0                stm32_exti_unset_callback
 .text.adc_stm32_channel_setup
                0x0000000008001304       0xcc zephyr/drivers/adc/libdrivers__adc.a(adc_stm32.c.obj)
 .text.adc_stm32_calibrate.isra.0
                0x00000000080013d0       0x40 zephyr/drivers/adc/libdrivers__adc.a(adc_stm32.c.obj)
 .text.adc_stm32_read
                0x0000000008001410      0x270 zephyr/drivers/adc/libdrivers__adc.a(adc_stm32.c.obj)
 .text.adc_stm32_isr_18
                0x0000000008001680       0xc8 zephyr/drivers/adc/libdrivers__adc.a(adc_stm32.c.obj)
 .text.adc_stm32_init
                0x0000000008001748       0x84 zephyr/drivers/adc/libdrivers__adc.a(adc_stm32.c.obj)
 .text.stm32_clock_control_get_subsys_rate
                0x00000000080017cc       0x4c zephyr/drivers/clock_control/libdrivers__clock_control.a(clock_stm32_ll_common.c.obj)
 .text.stm32_clock_control_init
                0x0000000008001818      0x104 zephyr/drivers/clock_control/libdrivers__clock_control.a(clock_stm32_ll_common.c.obj)
                0x0000000008001818                stm32_clock_control_init
 .text.config_pll_sysclock
                0x000000000800191c       0x1c zephyr/drivers/clock_control/libdrivers__clock_control.a(clock_stm32f1.c.obj)
                0x000000000800191c                config_pll_sysclock
 .text.uart_console_init
                0x0000000008001938       0x28 zephyr/drivers/console/libdrivers__console.a(uart_console.c.obj)
 .text.console_out
                0x0000000008001960       0x28 zephyr/drivers/console/libdrivers__console.a(uart_console.c.obj)
 .text.gpio_stm32_init
                0x0000000008001988       0x30 zephyr/drivers/gpio/libdrivers__gpio.a(gpio_stm32.c.obj)
 .text.gpio_stm32_pin_interrupt_configure
                0x00000000080019b8       0xe4 zephyr/drivers/gpio/libdrivers__gpio.a(gpio_stm32.c.obj)
 .text.pinctrl_configure_pins
                0x0000000008001a9c       0xf0 zephyr/drivers/pinctrl/libdrivers__pinctrl.a(pinctrl_stm32.c.obj)
                0x0000000008001a9c                pinctrl_configure_pins
 .text.stm32_temp_channel_get
                0x0000000008001b8c       0xa8 zephyr/drivers/sensor/st/stm32_temp/libdrivers__sensor__st__stm32_temp.a(stm32_temp.c.obj)
 .text.stm32_temp_sample_fetch
                0x0000000008001c34       0x74 zephyr/drivers/sensor/st/stm32_temp/libdrivers__sensor__st__stm32_temp.a(stm32_temp.c.obj)
 .text.uart_stm32_parameters_set
                0x0000000008001ca8       0xf8 zephyr/drivers/serial/libdrivers__serial.a(uart_stm32.c.obj)
 .text.uart_stm32_configure
                0x0000000008001da0      0x13c zephyr/drivers/serial/libdrivers__serial.a(uart_stm32.c.obj)
 .text.uart_stm32_init
                0x0000000008001edc       0xa8 zephyr/drivers/serial/libdrivers__serial.a(uart_stm32.c.obj)
 .text.elapsed  0x0000000008001f84       0x4c zephyr/drivers/timer/libdrivers__timer.a(cortex_m_systick.c.obj)
 .text.sys_clock_driver_init
                0x0000000008001fd0       0x38 zephyr/drivers/timer/libdrivers__timer.a(cortex_m_systick.c.obj)
 .text.sys_clock_isr
                0x0000000008002008       0x54 zephyr/drivers/timer/libdrivers__timer.a(cortex_m_systick.c.obj)
                0x0000000008002008                sys_clock_isr
 .text.sys_clock_set_timeout
                0x000000000800205c       0xfc zephyr/drivers/timer/libdrivers__timer.a(cortex_m_systick.c.obj)
                0x000000000800205c                sys_clock_set_timeout
 .text.sys_clock_elapsed
                0x0000000008002158       0x3c zephyr/drivers/timer/libdrivers__timer.a(cortex_m_systick.c.obj)
                0x0000000008002158                sys_clock_elapsed
 .text.HAL_RCC_GetSysClockFreq
                0x0000000008002194       0x4c modules/stm32/stm32cube/lib..__modules__hal__stm32__stm32cube.a(stm32f1xx_hal_rcc.c.obj)
                0x0000000008002194                HAL_RCC_GetSysClockFreq
 .text.LL_SetFlashLatency
                0x00000000080021e0       0x4c modules/stm32/stm32cube/lib..__modules__hal__stm32__stm32cube.a(stm32f1xx_ll_utils.c.obj)
                0x00000000080021e0                LL_SetFlashLatency
 .text.z_fatal_error
                0x000000000800222c       0x30 zephyr/kernel/libkernel.a(fatal.c.obj)
                0x000000000800222c                z_fatal_error
 .text.z_sys_init_run_level
                0x000000000800225c       0x2c zephyr/kernel/libkernel.a(init.c.obj)
 .text.bg_thread_main
                0x0000000008002288       0xc4 zephyr/kernel/libkernel.a(init.c.obj)
 .text.z_bss_zero
                0x000000000800234c       0x18 zephyr/kernel/libkernel.a(init.c.obj)
                0x000000000800234c                z_bss_zero
 .text.z_init_cpu
                0x0000000008002364       0x68 zephyr/kernel/libkernel.a(init.c.obj)
                0x0000000008002364                z_init_cpu
 .text.z_cstart
                0x00000000080023cc       0xcc zephyr/kernel/libkernel.a(init.c.obj)
                0x00000000080023cc                z_cstart
 .text.z_impl_k_msgq_put
                0x0000000008002498       0xa0 zephyr/kernel/libkernel.a(msg_q.c.obj)
                0x0000000008002498                z_impl_k_msgq_put
 .text.z_impl_k_msgq_get
                0x0000000008002538       0xb0 zephyr/kernel/libkernel.a(msg_q.c.obj)
                0x0000000008002538                z_impl_k_msgq_get
 .text.z_impl_k_mutex_lock
                0x00000000080025e8       0xf0 zephyr/kernel/libkernel.a(mutex.c.obj)
                0x00000000080025e8                z_impl_k_mutex_lock
 .text.z_impl_k_mutex_unlock
                0x00000000080026d8       0x78 zephyr/kernel/libkernel.a(mutex.c.obj)
                0x00000000080026d8                z_impl_k_mutex_unlock
 .text.z_impl_k_sem_give
                0x0000000008002750       0x48 zephyr/kernel/libkernel.a(sem.c.obj)
                0x0000000008002750                z_impl_k_sem_give
 .text.z_impl_k_sem_take
                0x0000000008002798       0x4c zephyr/kernel/libkernel.a(sem.c.obj)
                0x0000000008002798                z_impl_k_sem_take
 .text.z_setup_new_thread
                0x00000000080027e4       0x70 zephyr/kernel/libkernel.a(thread.c.obj)
                0x00000000080027e4                z_setup_new_thread
 .text.update_cache
                0x0000000008002854       0x3c zephyr/kernel/libkernel.a(sched.c.obj)
 .text.unready_thread
                0x0000000008002890       0x30 zephyr/kernel/libkernel.a(sched.c.obj)
 .text.ready_thread
                0x00000000080028c0       0x68 zephyr/kernel/libkernel.a(sched.c.obj)
 .text.z_thread_halt
                0x0000000008002928       0xd8 zephyr/kernel/libkernel.a(sched.c.obj)
 .text.move_thread_to_end_of_prio_q
                0x0000000008002a00       0x74 zephyr/kernel/libkernel.a(sched.c.obj)
                0x0000000008002a00                move_thread_to_end_of_prio_q
 .text.z_pend_curr
                0x0000000008002a74       0x58 zephyr/kernel/libkernel.a(sched.c.obj)
                0x0000000008002a74                z_pend_curr
 .text.z_thread_prio_set
                0x0000000008002acc       0x88 zephyr/kernel/libkernel.a(sched.c.obj)
                0x0000000008002acc                z_thread_prio_set
 .text.z_reschedule
                0x0000000008002b54       0x24 zephyr/kernel/libkernel.a(sched.c.obj)
                0x0000000008002b54                z_reschedule
 .text.z_sched_start
                0x0000000008002b78       0x3c zephyr/kernel/libkernel.a(sched.c.obj)
                0x0000000008002b78                z_sched_start
 .text.z_impl_k_thread_resume
                0x0000000008002bb4       0x3c zephyr/kernel/libkernel.a(sched.c.obj)
                0x0000000008002bb4                z_impl_k_thread_resume
 .text.z_reschedule_irqlock
                0x0000000008002bf0       0x28 zephyr/kernel/libkernel.a(sched.c.obj)
                0x0000000008002bf0                z_reschedule_irqlock
 .text.k_sched_lock
                0x0000000008002c18       0x28 zephyr/kernel/libkernel.a(sched.c.obj)
                0x0000000008002c18                k_sched_lock
 .text.k_sched_unlock
                0x0000000008002c40       0x40 zephyr/kernel/libkernel.a(sched.c.obj)
                0x0000000008002c40                k_sched_unlock
 .text.z_sched_init
                0x0000000008002c80       0x10 zephyr/kernel/libkernel.a(sched.c.obj)
                0x0000000008002c80                z_sched_init
 .text.z_impl_k_yield
                0x0000000008002c90       0x7c zephyr/kernel/libkernel.a(sched.c.obj)
                0x0000000008002c90                z_impl_k_yield
 .text.z_tick_sleep
                0x0000000008002d0c       0x88 zephyr/kernel/libkernel.a(sched.c.obj)
 .text.z_impl_k_sched_current_thread_query
                0x0000000008002d94        0xc zephyr/kernel/libkernel.a(sched.c.obj)
                0x0000000008002d94                z_impl_k_sched_current_thread_query
 .text.slice_timeout
                0x0000000008002da0       0x20 zephyr/kernel/libkernel.a(timeslicing.c.obj)
 .text.thread_is_sliceable
                0x0000000008002dc0       0x3c zephyr/kernel/libkernel.a(timeslicing.c.obj)
                0x0000000008002dc0                thread_is_sliceable
 .text.z_reset_time_slice
                0x0000000008002dfc       0x50 zephyr/kernel/libkernel.a(timeslicing.c.obj)
                0x0000000008002dfc                z_reset_time_slice
 .text.z_time_slice
                0x0000000008002e4c       0x60 zephyr/kernel/libkernel.a(timeslicing.c.obj)
                0x0000000008002e4c                z_time_slice
 .text.z_data_copy
                0x0000000008002eac       0x34 zephyr/kernel/libkernel.a(xip.c.obj)
                0x0000000008002eac                z_data_copy
 .text.elapsed  0x0000000008002ee0       0x14 zephyr/kernel/libkernel.a(timeout.c.obj)
 .text.remove_timeout
                0x0000000008002ef4       0x38 zephyr/kernel/libkernel.a(timeout.c.obj)
 .text.next_timeout
                0x0000000008002f2c       0x40 zephyr/kernel/libkernel.a(timeout.c.obj)
 .text.z_add_timeout
                0x0000000008002f6c       0xf4 zephyr/kernel/libkernel.a(timeout.c.obj)
                0x0000000008002f6c                z_add_timeout
 .text.sys_clock_announce
                0x0000000008003060       0xd0 zephyr/kernel/libkernel.a(timeout.c.obj)
                0x0000000008003060                sys_clock_announce
 .text.sys_clock_tick_get
                0x0000000008003130       0x30 zephyr/kernel/libkernel.a(timeout.c.obj)
                0x0000000008003130                sys_clock_tick_get
 .text.z_timer_expiration_handler
                0x0000000008003160       0xe0 zephyr/kernel/libkernel.a(timer.c.obj)
                0x0000000008003160                z_timer_expiration_handler
 .text.z_impl_k_timer_start
                0x0000000008003240       0x74 zephyr/kernel/libkernel.a(timer.c.obj)
                0x0000000008003240                z_impl_k_timer_start
 .text.boot_banner
                0x00000000080032b4        0xc zephyr/kernel/libkernel.a(banner.c.obj)
                0x00000000080032b4                boot_banner
 .text.statics_init
                0x00000000080032c0       0x24 zephyr/kernel/libkernel.a(kheap.c.obj)
 .text.__l_vfprintf
                0x00000000080032e4      0x4b8 /home/mateusz/zephyr-sdk-0.16.8/arm-zephyr-eabi/bin/../lib/gcc/../../picolibc/arm-zephyr-eabi/lib/thumb/v7-m/nofp/libc.a(libc_tinystdio_vflprintf.c.o)
                0x00000000080032e4                __l_vfprintf
 .text._OffsetAbsSyms
                0x000000000800379c        0x2 zephyr/CMakeFiles/offsets.dir/./arch/arm/core/offsets/offsets.c.obj
                0x000000000800379c                _OffsetAbsSyms
 .text.communicator_entry
                0x000000000800379e        0x2 app/libapp.a(main.c.obj)
                0x000000000800379e                communicator_entry
 .text.chunk_size
                0x00000000080037a0        0xa zephyr/libzephyr.a(heap.c.obj)
 .text.free_list_add
                0x00000000080037aa       0x4e zephyr/libzephyr.a(heap.c.obj)
 .text.sys_heap_init
                0x00000000080037f8       0x7a zephyr/libzephyr.a(heap.c.obj)
                0x00000000080037f8                sys_heap_init
 .text.arch_printk_char_out
                0x0000000008003872        0x4 zephyr/libzephyr.a(printk.c.obj)
                0x0000000008003872                arch_printk_char_out
 .text.printk   0x0000000008003876       0x1a zephyr/libzephyr.a(printk.c.obj)
                0x0000000008003876                printk
 .text._ConfigAbsSyms
                0x0000000008003890        0x2 zephyr/libzephyr.a(configs.c.obj)
                0x0000000008003890                _ConfigAbsSyms
 .text.z_arm_fatal_error
                0x0000000008003892        0xc zephyr/arch/arch/arm/core/libarch__arm__core.a(fatal.c.obj)
                0x0000000008003892                z_arm_fatal_error
 .text.z_do_kernel_oops
                0x000000000800389e        0x8 zephyr/arch/arch/arm/core/libarch__arm__core.a(fatal.c.obj)
                0x000000000800389e                z_do_kernel_oops
 .text.z_irq_spurious
                0x00000000080038a6        0x8 zephyr/arch/arch/arm/core/cortex_m/libarch__arm__core__cortex_m.a(irq_manage.c.obj)
                0x00000000080038a6                z_irq_spurious
 .text.arch_irq_unlock_outlined
                0x00000000080038ae        0xe zephyr/arch/arch/arm/core/cortex_m/libarch__arm__core__cortex_m.a(thread.c.obj)
                0x00000000080038ae                arch_irq_unlock_outlined
 .text.arch_cpu_idle
                0x00000000080038bc       0x1a zephyr/arch/arch/arm/core/cortex_m/libarch__arm__core__cortex_m.a(cpu_idle.c.obj)
                0x00000000080038bc                arch_cpu_idle
 .text.picolibc_put
                0x00000000080038d6        0xa zephyr/lib/libc/picolibc/liblib__libc__picolibc.a(libc-hooks.c.obj)
 .text.stm32_exti_init
                0x00000000080038e0       0x92 zephyr/drivers/interrupt_controller/libdrivers__interrupt_controller.a(intc_exti_stm32.c.obj)
 .text.adc_stm32_isr_18_init
                0x0000000008003972       0x16 zephyr/drivers/adc/libdrivers__adc.a(adc_stm32.c.obj)
 .text.adc_context_start_sampling
                0x0000000008003988       0x16 zephyr/drivers/adc/libdrivers__adc.a(adc_stm32.c.obj)
 .text.adc_context_on_timer_expired
                0x000000000800399e       0x2e zephyr/drivers/adc/libdrivers__adc.a(adc_stm32.c.obj)
 .text.stm32_clock_control_on
                0x00000000080039cc       0x38 zephyr/drivers/clock_control/libdrivers__clock_control.a(clock_stm32_ll_common.c.obj)
 .text.stm32_clock_control_off
                0x0000000008003a04       0x24 zephyr/drivers/clock_control/libdrivers__clock_control.a(clock_stm32_ll_common.c.obj)
 .text.stm32_clock_control_configure
                0x0000000008003a28       0x5a zephyr/drivers/clock_control/libdrivers__clock_control.a(clock_stm32_ll_common.c.obj)
 .text.stm32_clock_control_get_status
                0x0000000008003a82       0x34 zephyr/drivers/clock_control/libdrivers__clock_control.a(clock_stm32_ll_common.c.obj)
 .text.config_regulator_voltage
                0x0000000008003ab6        0x2 zephyr/drivers/clock_control/libdrivers__clock_control.a(clock_stm32_ll_common.c.obj)
                0x0000000008003ab6                config_regulator_voltage
 .text.config_enable_default_clocks
                0x0000000008003ab8        0x2 zephyr/drivers/clock_control/libdrivers__clock_control.a(clock_stm32f1.c.obj)
                0x0000000008003ab8                config_enable_default_clocks
 .text.gpio_stm32_port_get_raw
                0x0000000008003aba        0xc zephyr/drivers/gpio/libdrivers__gpio.a(gpio_stm32.c.obj)
 .text.gpio_stm32_port_set_masked_raw
                0x0000000008003ac6       0x12 zephyr/drivers/gpio/libdrivers__gpio.a(gpio_stm32.c.obj)
 .text.gpio_stm32_port_set_bits_raw
                0x0000000008003ad8        0xa zephyr/drivers/gpio/libdrivers__gpio.a(gpio_stm32.c.obj)
 .text.gpio_stm32_port_clear_bits_raw
                0x0000000008003ae2        0xa zephyr/drivers/gpio/libdrivers__gpio.a(gpio_stm32.c.obj)
 .text.gpio_stm32_port_toggle_bits
                0x0000000008003aec        0xe zephyr/drivers/gpio/libdrivers__gpio.a(gpio_stm32.c.obj)
 .text.gpio_stm32_manage_callback
                0x0000000008003afa       0x52 zephyr/drivers/gpio/libdrivers__gpio.a(gpio_stm32.c.obj)
 .text.LL_GPIO_SetPinMode
                0x0000000008003b4c       0x2c zephyr/drivers/gpio/libdrivers__gpio.a(gpio_stm32.c.obj)
 .text.LL_GPIO_SetPinSpeed
                0x0000000008003b78       0x2c zephyr/drivers/gpio/libdrivers__gpio.a(gpio_stm32.c.obj)
 .text.LL_GPIO_SetPinOutputType
                0x0000000008003ba4       0x2c zephyr/drivers/gpio/libdrivers__gpio.a(gpio_stm32.c.obj)
 .text.gpio_stm32_isr
                0x0000000008003bd0       0x2e zephyr/drivers/gpio/libdrivers__gpio.a(gpio_stm32.c.obj)
 .text.gpio_stm32_configure_raw.constprop.0.isra.0
                0x0000000008003bfe       0xaa zephyr/drivers/gpio/libdrivers__gpio.a(gpio_stm32.c.obj)
 .text.gpio_stm32_config
                0x0000000008003ca8       0x72 zephyr/drivers/gpio/libdrivers__gpio.a(gpio_stm32.c.obj)
 .text.gpio_stm32_configure
                0x0000000008003d1a       0x2a zephyr/drivers/gpio/libdrivers__gpio.a(gpio_stm32.c.obj)
                0x0000000008003d1a                gpio_stm32_configure
 .text.pinctrl_lookup_state
                0x0000000008003d44       0x26 zephyr/drivers/pinctrl/libdrivers__pinctrl.a(common.c.obj)
                0x0000000008003d44                pinctrl_lookup_state
 .text.reset_stm32_status
                0x0000000008003d6a       0x20 zephyr/drivers/reset/libdrivers__reset.a(reset_stm32.c.obj)
 .text.reset_stm32_line_assert
                0x0000000008003d8a       0x1c zephyr/drivers/reset/libdrivers__reset.a(reset_stm32.c.obj)
 .text.reset_stm32_line_deassert
                0x0000000008003da6       0x1e zephyr/drivers/reset/libdrivers__reset.a(reset_stm32.c.obj)
 .text.reset_stm32_line_toggle
                0x0000000008003dc4       0x16 zephyr/drivers/reset/libdrivers__reset.a(reset_stm32.c.obj)
 .text.stm32_temp_init
                0x0000000008003dda       0x46 zephyr/drivers/sensor/st/stm32_temp/libdrivers__sensor__st__stm32_temp.a(stm32_temp.c.obj)
 .text.LL_USART_ClearFlag_PE
                0x0000000008003e20       0x12 zephyr/drivers/serial/libdrivers__serial.a(uart_stm32.c.obj)
 .text.uart_stm32_set_baudrate
                0x0000000008003e32       0x46 zephyr/drivers/serial/libdrivers__serial.a(uart_stm32.c.obj)
 .text.uart_stm32_err_check
                0x0000000008003e78       0x5e zephyr/drivers/serial/libdrivers__serial.a(uart_stm32.c.obj)
 .text.uart_stm32_poll_out
                0x0000000008003ed6       0x36 zephyr/drivers/serial/libdrivers__serial.a(uart_stm32.c.obj)
 .text.uart_stm32_poll_in
                0x0000000008003f0c       0x22 zephyr/drivers/serial/libdrivers__serial.a(uart_stm32.c.obj)
 .text.uart_stm32_config_get
                0x0000000008003f2e       0x8e zephyr/drivers/serial/libdrivers__serial.a(uart_stm32.c.obj)
 .text.z_device_state_init
                0x0000000008003fbc        0x2 zephyr/kernel/libkernel.a(device.c.obj)
                0x0000000008003fbc                z_device_state_init
 .text.z_impl_device_is_ready
                0x0000000008003fbe       0x16 zephyr/kernel/libkernel.a(device.c.obj)
                0x0000000008003fbe                z_impl_device_is_ready
 .text.arch_system_halt
                0x0000000008003fd4       0x10 zephyr/kernel/libkernel.a(fatal.c.obj)
                0x0000000008003fd4                arch_system_halt
 .text.k_sys_fatal_error_handler
                0x0000000008003fe4        0x6 zephyr/kernel/libkernel.a(fatal.c.obj)
                0x0000000008003fe4                k_sys_fatal_error_handler
 .text.do_device_init
                0x0000000008003fea       0x30 zephyr/kernel/libkernel.a(init.c.obj)
 .text.z_early_memset
                0x000000000800401a        0x4 zephyr/kernel/libkernel.a(init.c.obj)
                0x000000000800401a                z_early_memset
 .text.z_early_memcpy
                0x000000000800401e        0x4 zephyr/kernel/libkernel.a(init.c.obj)
                0x000000000800401e                z_early_memcpy
 .text.z_init_static
                0x0000000008004022        0x2 zephyr/kernel/libkernel.a(init_static.c.obj)
                0x0000000008004022                z_init_static
 .text.idle     0x0000000008004024       0x16 zephyr/kernel/libkernel.a(idle.c.obj)
                0x0000000008004024                idle
 .text.adjust_owner_prio.isra.0
                0x000000000800403a       0x10 zephyr/kernel/libkernel.a(mutex.c.obj)
 .text.z_impl_k_mutex_init
                0x000000000800404a        0xe zephyr/kernel/libkernel.a(mutex.c.obj)
                0x000000000800404a                z_impl_k_mutex_init
 .text.z_impl_k_thread_start
                0x0000000008004058        0x4 zephyr/kernel/libkernel.a(thread.c.obj)
                0x0000000008004058                z_impl_k_thread_start
 .text.sys_dlist_remove
                0x000000000800405c       0x10 zephyr/kernel/libkernel.a(sched.c.obj)
 .text.unpend_thread_no_timeout
                0x000000000800406c       0x14 zephyr/kernel/libkernel.a(sched.c.obj)
 .text.add_to_waitq_locked
                0x0000000008004080       0x50 zephyr/kernel/libkernel.a(sched.c.obj)
 .text.z_ready_thread
                0x00000000080040d0       0x1e zephyr/kernel/libkernel.a(sched.c.obj)
                0x00000000080040d0                z_ready_thread
 .text.z_impl_k_thread_suspend
                0x00000000080040ee       0x32 zephyr/kernel/libkernel.a(sched.c.obj)
                0x00000000080040ee                z_impl_k_thread_suspend
 .text.z_unpend_thread_no_timeout
                0x0000000008004120       0x22 zephyr/kernel/libkernel.a(sched.c.obj)
                0x0000000008004120                z_unpend_thread_no_timeout
 .text.z_sched_wake_thread
                0x0000000008004142       0x42 zephyr/kernel/libkernel.a(sched.c.obj)
                0x0000000008004142                z_sched_wake_thread
 .text.z_thread_timeout
                0x0000000008004184        0x8 zephyr/kernel/libkernel.a(sched.c.obj)
                0x0000000008004184                z_thread_timeout
 .text.z_unpend1_no_timeout
                0x000000000800418c       0x2c zephyr/kernel/libkernel.a(sched.c.obj)
                0x000000000800418c                z_unpend1_no_timeout
 .text.z_unpend_first_thread
                0x00000000080041b8       0x36 zephyr/kernel/libkernel.a(sched.c.obj)
                0x00000000080041b8                z_unpend_first_thread
 .text.z_impl_k_usleep
                0x00000000080041ee       0x22 zephyr/kernel/libkernel.a(sched.c.obj)
                0x00000000080041ee                z_impl_k_usleep
 .text.z_thread_abort
                0x0000000008004210       0x44 zephyr/kernel/libkernel.a(sched.c.obj)
                0x0000000008004210                z_thread_abort
 .text.z_abort_timeout
                0x0000000008004254       0x2a zephyr/kernel/libkernel.a(timeout.c.obj)
                0x0000000008004254                z_abort_timeout
 .text.sys_clock_tick_get_32
                0x000000000800427e        0x8 zephyr/kernel/libkernel.a(timeout.c.obj)
                0x000000000800427e                sys_clock_tick_get_32
 .text.z_impl_k_uptime_ticks
                0x0000000008004286        0x4 zephyr/kernel/libkernel.a(timeout.c.obj)
                0x0000000008004286                z_impl_k_uptime_ticks
 .text.z_impl_k_timer_stop
                0x000000000800428a       0x38 zephyr/kernel/libkernel.a(timer.c.obj)
                0x000000000800428a                z_impl_k_timer_stop
 .text.k_heap_init
                0x00000000080042c2       0x10 zephyr/kernel/libkernel.a(kheap.c.obj)
                0x00000000080042c2                k_heap_init
 .text.strnlen  0x00000000080042d2       0x18 /home/mateusz/zephyr-sdk-0.16.8/arm-zephyr-eabi/bin/../lib/gcc/../../picolibc/arm-zephyr-eabi/lib/thumb/v7-m/nofp/libc.a(libc_string_strnlen.c.o)
                0x00000000080042d2                strnlen
 .text.__ultoa_invert
                0x00000000080042ea       0xae /home/mateusz/zephyr-sdk-0.16.8/arm-zephyr-eabi/bin/../lib/gcc/../../picolibc/arm-zephyr-eabi/lib/thumb/v7-m/nofp/libc.a(libc_tinystdio_vflprintf.c.o)
 .text.memcpy   0x0000000008004398       0x1c /home/mateusz/zephyr-sdk-0.16.8/arm-zephyr-eabi/bin/../lib/gcc/../../picolibc/arm-zephyr-eabi/lib/thumb/v7-m/nofp/libc.a(memcpy.c.o)
                0x0000000008004398                memcpy
                0x0000000008004398                __aeabi_memcpy
                0x0000000008004398                __aeabi_memcpy4
                0x0000000008004398                __aeabi_memcpy8
 .text.memset   0x00000000080043b4       0x10 /home/mateusz/zephyr-sdk-0.16.8/arm-zephyr-eabi/bin/../lib/gcc/../../picolibc/arm-zephyr-eabi/lib/thumb/v7-m/nofp/libc.a(memset.c.o)
                0x00000000080043b4                memset
 *(SORT_BY_ALIGNMENT(.TEXT.*))
 .TEXT.__aeabi_read_tp
                0x00000000080043c4        0xc zephyr/arch/arch/arm/core/cortex_m/libarch__arm__core__cortex_m.a(__aeabi_read_tp.S.obj)
                0x00000000080043c4                __aeabi_read_tp
 *(SORT_BY_ALIGNMENT(.gnu.linkonce.t.*))
 *(SORT_BY_ALIGNMENT(.glue_7t))
 .glue_7t       0x00000000080043d0        0x0 linker stubs
 *(SORT_BY_ALIGNMENT(.glue_7))
 .glue_7        0x00000000080043d0        0x0 linker stubs
 *(SORT_BY_ALIGNMENT(.vfp11_veneer))
 .vfp11_veneer  0x00000000080043d0        0x0 linker stubs
 *(SORT_BY_ALIGNMENT(.v4_bx))
 .v4_bx         0x00000000080043d0        0x0 linker stubs
                0x00000000080043d0                . = ALIGN (0x4)
                0x00000000080043d0                __text_region_end = .

.ARM.exidx      0x00000000080043d0        0x8
                0x00000000080043d0                __exidx_start = .
 *(SORT_BY_ALIGNMENT(.ARM.exidx*) SORT_BY_ALIGNMENT(gnu.linkonce.armexidx.*))
 .ARM.exidx     0x00000000080043d0        0x8 /home/mateusz/zephyr-sdk-0.16.8/arm-zephyr-eabi/bin/../lib/gcc/arm-zephyr-eabi/12.2.0/thumb/v7-m/nofp/libgcc.a(_udivmoddi4.o)
                0x00000000080043d8                __exidx_end = .
                0x00000000080043d8                __rodata_region_start = .

initlevel       0x00000000080043d8       0x90
                0x00000000080043d8                __init_start = .
                0x00000000080043d8                __init_EARLY_start = .
 *(SORT_BY_NAME(SORT_BY_ALIGNMENT(.z_init_EARLY?_*)))
 *(SORT_BY_NAME(SORT_BY_ALIGNMENT(.z_init_EARLY??_*)))
                0x00000000080043d8                __init_PRE_KERNEL_1_start = .
 *(SORT_BY_NAME(SORT_BY_ALIGNMENT(.z_init_PRE_KERNEL_1?_*)))
 .z_init_PRE_KERNEL_10_0_
                0x00000000080043d8        0x8 zephyr/libzephyr.a(soc.c.obj)
 .z_init_PRE_KERNEL_11_00009_
                0x00000000080043e0        0x8 zephyr/drivers/clock_control/libdrivers__clock_control.a(clock_stm32_ll_common.c.obj)
 .z_init_PRE_KERNEL_11_0_
                0x00000000080043e8        0x8 zephyr/libzephyr.a(soc_config.c.obj)
 *(SORT_BY_NAME(SORT_BY_ALIGNMENT(.z_init_PRE_KERNEL_1??_*)))
 .z_init_PRE_KERNEL_130_0_
                0x00000000080043f0        0x8 zephyr/kernel/libkernel.a(kheap.c.obj)
 .z_init_PRE_KERNEL_135_00040_
                0x00000000080043f8        0x8 zephyr/drivers/reset/libdrivers__reset.a(reset_stm32.c.obj)
 .z_init_PRE_KERNEL_140_00028_
                0x0000000008004400        0x8 zephyr/drivers/gpio/libdrivers__gpio.a(gpio_stm32.c.obj)
 .z_init_PRE_KERNEL_140_00031_
                0x0000000008004408        0x8 zephyr/drivers/gpio/libdrivers__gpio.a(gpio_stm32.c.obj)
 .z_init_PRE_KERNEL_140_00036_
                0x0000000008004410        0x8 zephyr/drivers/interrupt_controller/libdrivers__interrupt_controller.a(intc_exti_stm32.c.obj)
 .z_init_PRE_KERNEL_140_00053_
                0x0000000008004418        0x8 zephyr/drivers/gpio/libdrivers__gpio.a(gpio_stm32.c.obj)
 .z_init_PRE_KERNEL_140_00068_
                0x0000000008004420        0x8 zephyr/drivers/gpio/libdrivers__gpio.a(gpio_stm32.c.obj)
 .z_init_PRE_KERNEL_140_00069_
                0x0000000008004428        0x8 zephyr/drivers/gpio/libdrivers__gpio.a(gpio_stm32.c.obj)
 .z_init_PRE_KERNEL_150_00041_
                0x0000000008004430        0x8 zephyr/drivers/serial/libdrivers__serial.a(uart_stm32.c.obj)
 .z_init_PRE_KERNEL_150_00047_
                0x0000000008004438        0x8 zephyr/drivers/serial/libdrivers__serial.a(uart_stm32.c.obj)
 .z_init_PRE_KERNEL_160_0_
                0x0000000008004440        0x8 zephyr/drivers/console/libdrivers__console.a(uart_console.c.obj)
                0x0000000008004448                __init_PRE_KERNEL_2_start = .
 *(SORT_BY_NAME(SORT_BY_ALIGNMENT(.z_init_PRE_KERNEL_2?_*)))
 .z_init_PRE_KERNEL_20_0_
                0x0000000008004448        0x8 zephyr/drivers/timer/libdrivers__timer.a(cortex_m_systick.c.obj)
 *(SORT_BY_NAME(SORT_BY_ALIGNMENT(.z_init_PRE_KERNEL_2??_*)))
                0x0000000008004450                __init_POST_KERNEL_start = .
 *(SORT_BY_NAME(SORT_BY_ALIGNMENT(.z_init_POST_KERNEL?_*)))
 *(SORT_BY_NAME(SORT_BY_ALIGNMENT(.z_init_POST_KERNEL??_*)))
 .z_init_POST_KERNEL35_0_
                0x0000000008004450        0x8 zephyr/lib/libc/common/liblib__libc__common.a(malloc.c.obj)
 .z_init_POST_KERNEL50_00012_
                0x0000000008004458        0x8 zephyr/drivers/adc/libdrivers__adc.a(adc_stm32.c.obj)
 .z_init_POST_KERNEL90_00013_
                0x0000000008004460        0x8 zephyr/drivers/sensor/st/stm32_temp/libdrivers__sensor__st__stm32_temp.a(stm32_temp.c.obj)
                0x0000000008004468                __init_APPLICATION_start = .
 *(SORT_BY_NAME(SORT_BY_ALIGNMENT(.z_init_APPLICATION?_*)))
 *(SORT_BY_NAME(SORT_BY_ALIGNMENT(.z_init_APPLICATION??_*)))
                0x0000000008004468                __init_SMP_start = .
 *(SORT_BY_NAME(SORT_BY_ALIGNMENT(.z_init_SMP?_*)))
 *(SORT_BY_NAME(SORT_BY_ALIGNMENT(.z_init_SMP??_*)))
                0x0000000008004468                __init_end = .
                0x0000000008004468                __deferred_init_list_start = .
 *(SORT_BY_ALIGNMENT(.z_deferred_init))
                0x0000000008004468                __deferred_init_list_end = .

device_area     0x0000000008004468       0xf0
                0x0000000008004468                _device_list_start = .
 *(SORT_BY_NAME(SORT_BY_ALIGNMENT(._device.static.*_?_*)))
 ._device.static.1_1_
                0x0000000008004468       0x14 zephyr/drivers/clock_control/libdrivers__clock_control.a(clock_stm32_ll_common.c.obj)
                0x0000000008004468                __device_dts_ord_9
 *(SORT_BY_NAME(SORT_BY_ALIGNMENT(._device.static.*_??_*)))
 ._device.static.1_35_
                0x000000000800447c       0x14 zephyr/drivers/reset/libdrivers__reset.a(reset_stm32.c.obj)
                0x000000000800447c                __device_dts_ord_40
 ._device.static.1_40_
                0x0000000008004490       0x14 zephyr/drivers/interrupt_controller/libdrivers__interrupt_controller.a(intc_exti_stm32.c.obj)
                0x0000000008004490                __device_dts_ord_36
 ._device.static.1_40_
                0x00000000080044a4       0x64 zephyr/drivers/gpio/libdrivers__gpio.a(gpio_stm32.c.obj)
                0x00000000080044a4                __device_dts_ord_69
                0x00000000080044b8                __device_dts_ord_68
                0x00000000080044cc                __device_dts_ord_28
                0x00000000080044e0                __device_dts_ord_53
                0x00000000080044f4                __device_dts_ord_31
 ._device.static.1_50_
                0x0000000008004508       0x28 zephyr/drivers/serial/libdrivers__serial.a(uart_stm32.c.obj)
                0x0000000008004508                __device_dts_ord_41
                0x000000000800451c                __device_dts_ord_47
 ._device.static.3_50_
                0x0000000008004530       0x14 zephyr/drivers/adc/libdrivers__adc.a(adc_stm32.c.obj)
                0x0000000008004530                __device_dts_ord_12
 ._device.static.3_90_
                0x0000000008004544       0x14 zephyr/drivers/sensor/st/stm32_temp/libdrivers__sensor__st__stm32_temp.a(stm32_temp.c.obj)
                0x0000000008004544                __device_dts_ord_13
                0x0000000008004558                _device_list_end = .

sw_isr_table    0x0000000008004558      0x158
                0x0000000008004558                . = ALIGN (0x4)
 *(SORT_BY_ALIGNMENT(.gnu.linkonce.sw_isr_table*))
 .gnu.linkonce.sw_isr_table
                0x0000000008004558      0x158 zephyr/CMakeFiles/zephyr_final.dir/isr_tables.c.obj
                0x0000000008004558                _sw_isr_table

initlevel_error
                0x00000000080043d8        0x0
 *(SORT_BY_NAME(SORT_BY_ALIGNMENT(.z_init_[_A-Z0-9]*)))
                0x0000000000000001                ASSERT ((SIZEOF (initlevel_error) == 0x0), Undefined initialization levels used.)

app_shmem_regions
                0x00000000080046b0        0x0
                0x00000000080046b0                __app_shmem_regions_start = .
 *(SORT_BY_NAME(SORT_BY_ALIGNMENT(.app_regions.*)))
                0x00000000080046b0                __app_shmem_regions_end = .

k_p4wq_initparam_area
                0x00000000080046b0        0x0
                0x00000000080046b0                _k_p4wq_initparam_list_start = .
 *(SORT_BY_NAME(SORT_BY_ALIGNMENT(._k_p4wq_initparam.static.*)))
                0x00000000080046b0                _k_p4wq_initparam_list_end = .

_static_thread_data_area
                0x00000000080046b0       0x90
                0x00000000080046b0                __static_thread_data_list_start = .
 *(SORT_BY_NAME(SORT_BY_ALIGNMENT(.__static_thread_data.static.*)))
 .__static_thread_data.static._k_thread_data_calculate_
                0x00000000080046b0       0x30 app/libapp.a(main.c.obj)
                0x00000000080046b0                _k_thread_data_calculate
 .__static_thread_data.static._k_thread_data_communicator_
                0x00000000080046e0       0x30 app/libapp.a(main.c.obj)
                0x00000000080046e0                _k_thread_data_communicator
 .__static_thread_data.static._k_thread_data_process_input_
                0x0000000008004710       0x30 app/libapp.a(main.c.obj)
                0x0000000008004710                _k_thread_data_process_input
                0x0000000008004740                __static_thread_data_list_end = .

device_deps     0x0000000008004740        0x0
                0x0000000008004740                __device_deps_start = .
 *(SORT_BY_NAME(SORT_BY_ALIGNMENT(.__device_deps_pass2*)))
                0x0000000008004740                __device_deps_end = .

ztest           0x0000000008004740        0x0
                0x0000000008004740                _ztest_expected_result_entry_list_start = .
 *(SORT_BY_NAME(SORT_BY_ALIGNMENT(._ztest_expected_result_entry.static.*)))
                0x0000000008004740                _ztest_expected_result_entry_list_end = .
                0x0000000008004740                _ztest_suite_node_list_start = .
 *(SORT_BY_NAME(SORT_BY_ALIGNMENT(._ztest_suite_node.static.*)))
                0x0000000008004740                _ztest_suite_node_list_end = .
                0x0000000008004740                _ztest_unit_test_list_start = .
 *(SORT_BY_NAME(SORT_BY_ALIGNMENT(._ztest_unit_test.static.*)))
                0x0000000008004740                _ztest_unit_test_list_end = .
                0x0000000008004740                _ztest_test_rule_list_start = .
 *(SORT_BY_NAME(SORT_BY_ALIGNMENT(._ztest_test_rule.static.*)))
                0x0000000008004740                _ztest_test_rule_list_end = .

init_array      0x0000000008004740        0x0
 *(SORT_BY_NAME(SORT_BY_ALIGNMENT(.ctors*)))
 *(SORT_BY_NAME(SORT_BY_ALIGNMENT(.init_array*)))
                0x0000000000000001                ASSERT ((SIZEOF (init_array) == 0x0), GNU-style constructors required but STATIC_INIT_GNU not enabled)

bt_l2cap_fixed_chan_area
                0x0000000008004740        0x0
                0x0000000008004740                _bt_l2cap_fixed_chan_list_start = .
 *(SORT_BY_NAME(SORT_BY_ALIGNMENT(._bt_l2cap_fixed_chan.static.*)))
                0x0000000008004740                _bt_l2cap_fixed_chan_list_end = .

bt_gatt_service_static_area
                0x0000000008004740        0x0
                0x0000000008004740                _bt_gatt_service_static_list_start = .
 *(SORT_BY_NAME(SORT_BY_ALIGNMENT(._bt_gatt_service_static.static.*)))
                0x0000000008004740                _bt_gatt_service_static_list_end = .

log_strings_area
                0x0000000008004740        0x0
                0x0000000008004740                _log_strings_list_start = .
 *(SORT_BY_NAME(SORT_BY_ALIGNMENT(._log_strings.static.*)))
                0x0000000008004740                _log_strings_list_end = .

log_const_area  0x0000000008004740        0x0
                0x0000000008004740                _log_const_list_start = .
 *(SORT_BY_NAME(SORT_BY_ALIGNMENT(._log_const.static.*)))
                0x0000000008004740                _log_const_list_end = .

log_backend_area
                0x0000000008004740        0x0
                0x0000000008004740                _log_backend_list_start = .
 *(SORT_BY_NAME(SORT_BY_ALIGNMENT(._log_backend.static.*)))
                0x0000000008004740                _log_backend_list_end = .

log_link_area   0x0000000008004740        0x0
                0x0000000008004740                _log_link_list_start = .
 *(SORT_BY_NAME(SORT_BY_ALIGNMENT(._log_link.static.*)))
                0x0000000008004740                _log_link_list_end = .

tracing_backend_area
                0x0000000008004740        0x0
                0x0000000008004740                _tracing_backend_list_start = .
 *(SORT_BY_NAME(SORT_BY_ALIGNMENT(._tracing_backend.static.*)))
                0x0000000008004740                _tracing_backend_list_end = .

zephyr_dbg_info
 *(SORT_BY_ALIGNMENT(.dbg_thread_info))

intc_table_area
                0x0000000008004740        0x0
                0x0000000008004740                _intc_table_list_start = .
 *(SORT_BY_NAME(SORT_BY_ALIGNMENT(._intc_table.static.*)))
                0x0000000008004740                _intc_table_list_end = .

symbol_to_keep  0x0000000008004740        0x0
                0x0000000008004740                __symbol_to_keep_start = .
 *(SORT_BY_NAME(SORT_BY_ALIGNMENT(.symbol_to_keep*)))
                0x0000000008004740                __symbol_to_keep_end = .

shell_area      0x0000000008004740        0x0
                0x0000000008004740                _shell_list_start = .
 *(SORT_BY_NAME(SORT_BY_ALIGNMENT(._shell.static.*)))
                0x0000000008004740                _shell_list_end = .

shell_root_cmds_area
                0x0000000008004740        0x0
                0x0000000008004740                _shell_root_cmds_list_start = .
 *(SORT_BY_NAME(SORT_BY_ALIGNMENT(._shell_root_cmds.static.*)))
                0x0000000008004740                _shell_root_cmds_list_end = .

shell_subcmds_area
                0x0000000008004740        0x0
                0x0000000008004740                _shell_subcmds_list_start = .
 *(SORT_BY_NAME(SORT_BY_ALIGNMENT(._shell_subcmds.static.*)))
                0x0000000008004740                _shell_subcmds_list_end = .

shell_dynamic_subcmds_area
                0x0000000008004740        0x0
                0x0000000008004740                _shell_dynamic_subcmds_list_start = .
 *(SORT_BY_NAME(SORT_BY_ALIGNMENT(._shell_dynamic_subcmds.static.*)))
                0x0000000008004740                _shell_dynamic_subcmds_list_end = .

cfb_font_area   0x0000000008004740        0x0
                0x0000000008004740                _cfb_font_list_start = .
 *(SORT_BY_NAME(SORT_BY_ALIGNMENT(._cfb_font.static.*)))
                0x0000000008004740                _cfb_font_list_end = .

tdata           0x0000000008004740        0x0
 *(SORT_BY_ALIGNMENT(.tdata) SORT_BY_ALIGNMENT(.tdata.*) SORT_BY_ALIGNMENT(.gnu.linkonce.td.*))

tbss            0x0000000008004740        0x4
 *(SORT_BY_ALIGNMENT(.tbss) SORT_BY_ALIGNMENT(.tbss.*) SORT_BY_ALIGNMENT(.gnu.linkonce.tb.*) SORT_BY_ALIGNMENT(.tcommon))
 .tbss.z_tls_current
                0x0000000008004740        0x4 zephyr/libzephyr.a(thread_entry.c.obj)
                0x0000000008004740                z_tls_current
                0x0000000008004740                PROVIDE (__tdata_start = LOADADDR (tdata))
                0x0000000000000001                PROVIDE (__tdata_align = ALIGNOF (tdata))
                0x0000000000000000                PROVIDE (__tdata_size = (((SIZEOF (tdata) + __tdata_align) - 0x1) & ~ ((__tdata_align - 0x1))))
                [!provide]                        PROVIDE (__tdata_end = (__tdata_start + __tdata_size))
                0x0000000000000004                PROVIDE (__tbss_align = ALIGNOF (tbss))
                [!provide]                        PROVIDE (__tbss_start = ADDR (tbss))
                0x0000000000000004                PROVIDE (__tbss_size = (((SIZEOF (tbss) + __tbss_align) - 0x1) & ~ ((__tbss_align - 0x1))))
                [!provide]                        PROVIDE (__tbss_end = (__tbss_start + __tbss_size))
                [!provide]                        PROVIDE (__tls_start = __tdata_start)
                [!provide]                        PROVIDE (__tls_end = __tbss_end)
                [!provide]                        PROVIDE (__tls_size = (__tbss_end - __tdata_start))

rodata          0x0000000008004740      0x4e8
 *(SORT_BY_ALIGNMENT(.rodata))
 *(SORT_BY_ALIGNMENT(.rodata.*))
 .rodata.adc_channel
                0x0000000008004740       0x10 app/libapp.a(main.c.obj)
 .rodata.adc_stm32_cfg_0
                0x0000000008004750       0x30 zephyr/drivers/adc/libdrivers__adc.a(adc_stm32.c.obj)
 .rodata.pclken_0
                0x0000000008004780        0x8 zephyr/drivers/adc/libdrivers__adc.a(adc_stm32.c.obj)
 .rodata.__pinctrl_dev_config__device_dts_ord_12
                0x0000000008004788        0x8 zephyr/drivers/adc/libdrivers__adc.a(adc_stm32.c.obj)
 .rodata.__pinctrl_states__device_dts_ord_12
                0x0000000008004790        0x8 zephyr/drivers/adc/libdrivers__adc.a(adc_stm32.c.obj)
 .rodata.__pinctrl_state_pins_0__device_dts_ord_12
                0x0000000008004798        0x8 zephyr/drivers/adc/libdrivers__adc.a(adc_stm32.c.obj)
 .rodata.api_stm32_driver_api
                0x00000000080047a0        0xc zephyr/drivers/adc/libdrivers__adc.a(adc_stm32.c.obj)
 .rodata.table_seq_len
                0x00000000080047ac       0x40 zephyr/drivers/adc/libdrivers__adc.a(adc_stm32.c.obj)
 .rodata.table_rank
                0x00000000080047ec       0x40 zephyr/drivers/adc/libdrivers__adc.a(adc_stm32.c.obj)
 .rodata.stm32_clock_control_api
                0x000000000800482c       0x1c zephyr/drivers/clock_control/libdrivers__clock_control.a(clock_stm32_ll_common.c.obj)
 .rodata.gpio_stm32_cfg_e
                0x0000000008004848       0x14 zephyr/drivers/gpio/libdrivers__gpio.a(gpio_stm32.c.obj)
 .rodata.gpio_stm32_cfg_d
                0x000000000800485c       0x14 zephyr/drivers/gpio/libdrivers__gpio.a(gpio_stm32.c.obj)
 .rodata.gpio_stm32_cfg_c
                0x0000000008004870       0x14 zephyr/drivers/gpio/libdrivers__gpio.a(gpio_stm32.c.obj)
 .rodata.gpio_stm32_cfg_b
                0x0000000008004884       0x14 zephyr/drivers/gpio/libdrivers__gpio.a(gpio_stm32.c.obj)
 .rodata.gpio_stm32_cfg_a
                0x0000000008004898       0x14 zephyr/drivers/gpio/libdrivers__gpio.a(gpio_stm32.c.obj)
 .rodata.gpio_stm32_driver
                0x00000000080048ac       0x24 zephyr/drivers/gpio/libdrivers__gpio.a(gpio_stm32.c.obj)
 .rodata.gpio_ports
                0x00000000080048d0       0x40 zephyr/drivers/pinctrl/libdrivers__pinctrl.a(pinctrl_stm32.c.obj)
 .rodata.reset_stm32_config
                0x0000000008004910        0x4 zephyr/drivers/reset/libdrivers__reset.a(reset_stm32.c.obj)
 .rodata.reset_stm32_driver_api
                0x0000000008004914       0x10 zephyr/drivers/reset/libdrivers__reset.a(reset_stm32.c.obj)
 .rodata.stm32_temp_dev_config
                0x0000000008004924        0xc zephyr/drivers/sensor/st/stm32_temp/libdrivers__sensor__st__stm32_temp.a(stm32_temp.c.obj)
 .rodata.stm32_temp_driver_api
                0x0000000008004930       0x1c zephyr/drivers/sensor/st/stm32_temp/libdrivers__sensor__st__stm32_temp.a(stm32_temp.c.obj)
 .rodata.uart_stm32_cfg_1
                0x000000000800494c       0x24 zephyr/drivers/serial/libdrivers__serial.a(uart_stm32.c.obj)
 .rodata.pclken_1
                0x0000000008004970        0x8 zephyr/drivers/serial/libdrivers__serial.a(uart_stm32.c.obj)
 .rodata.__pinctrl_dev_config__device_dts_ord_41
                0x0000000008004978        0x8 zephyr/drivers/serial/libdrivers__serial.a(uart_stm32.c.obj)
 .rodata.__pinctrl_states__device_dts_ord_41
                0x0000000008004980        0x8 zephyr/drivers/serial/libdrivers__serial.a(uart_stm32.c.obj)
 .rodata.__pinctrl_state_pins_0__device_dts_ord_41
                0x0000000008004988       0x10 zephyr/drivers/serial/libdrivers__serial.a(uart_stm32.c.obj)
 .rodata.uart_stm32_cfg_0
                0x0000000008004998       0x24 zephyr/drivers/serial/libdrivers__serial.a(uart_stm32.c.obj)
 .rodata.pclken_0
                0x00000000080049bc        0x8 zephyr/drivers/serial/libdrivers__serial.a(uart_stm32.c.obj)
 .rodata.__pinctrl_dev_config__device_dts_ord_47
                0x00000000080049c4        0x8 zephyr/drivers/serial/libdrivers__serial.a(uart_stm32.c.obj)
 .rodata.__pinctrl_states__device_dts_ord_47
                0x00000000080049cc        0x8 zephyr/drivers/serial/libdrivers__serial.a(uart_stm32.c.obj)
 .rodata.__pinctrl_state_pins_0__device_dts_ord_47
                0x00000000080049d4       0x10 zephyr/drivers/serial/libdrivers__serial.a(uart_stm32.c.obj)
 .rodata.uart_stm32_driver_api
                0x00000000080049e4       0x14 zephyr/drivers/serial/libdrivers__serial.a(uart_stm32.c.obj)
 .rodata.levels.0
                0x00000000080049f8       0x18 zephyr/kernel/libkernel.a(init.c.obj)
 .rodata.CSWTCH.69
                0x0000000008004a10        0x6 zephyr/drivers/serial/libdrivers__serial.a(uart_stm32.c.obj)
 .rodata.button_press.str1.1
                0x0000000008004a16        0x8 app/libapp.a(main.c.obj)
 .rodata.calculate_entry.str1.1
                0x0000000008004a1e        0x4 app/libapp.a(main.c.obj)
 .rodata.adc_sampler_cb.str1.1
                0x0000000008004a22        0x2 app/libapp.a(main.c.obj)
 .rodata.process_inputs_entry.str1.1
                0x0000000008004a24       0x31 app/libapp.a(main.c.obj)
 .rodata.main.str1.1
                0x0000000008004a55       0x75 app/libapp.a(main.c.obj)
 .rodata.str1.1
                0x0000000008004aca       0x25 app/libapp.a(main.c.obj)
 .rodata.line_range_6.0
                0x0000000008004aef        0x2 zephyr/drivers/interrupt_controller/libdrivers__interrupt_controller.a(intc_exti_stm32.c.obj)
 .rodata.line_range_5.1
                0x0000000008004af1        0x2 zephyr/drivers/interrupt_controller/libdrivers__interrupt_controller.a(intc_exti_stm32.c.obj)
 .rodata.line_range_4.2
                0x0000000008004af3        0x2 zephyr/drivers/interrupt_controller/libdrivers__interrupt_controller.a(intc_exti_stm32.c.obj)
 .rodata.line_range_3.3
                0x0000000008004af5        0x2 zephyr/drivers/interrupt_controller/libdrivers__interrupt_controller.a(intc_exti_stm32.c.obj)
 .rodata.line_range_2.4
                0x0000000008004af7        0x2 zephyr/drivers/interrupt_controller/libdrivers__interrupt_controller.a(intc_exti_stm32.c.obj)
 .rodata.line_range_1.5
                0x0000000008004af9        0x2 zephyr/drivers/interrupt_controller/libdrivers__interrupt_controller.a(intc_exti_stm32.c.obj)
 .rodata.line_range_0.6
                0x0000000008004afb        0x2 zephyr/drivers/interrupt_controller/libdrivers__interrupt_controller.a(intc_exti_stm32.c.obj)
 .rodata.str1.1
                0x0000000008004afd       0x1e zephyr/drivers/interrupt_controller/libdrivers__interrupt_controller.a(intc_exti_stm32.c.obj)
 .rodata.str1.1
                0x0000000008004b1b        0xd zephyr/drivers/adc/libdrivers__adc.a(adc_stm32.c.obj)
 .rodata.str1.1
                0x0000000008004b28        0xd zephyr/drivers/clock_control/libdrivers__clock_control.a(clock_stm32_ll_common.c.obj)
 .rodata.str1.1
                0x0000000008004b35       0x46 zephyr/drivers/gpio/libdrivers__gpio.a(gpio_stm32.c.obj)
 .rodata.str1.1
                0x0000000008004b7b       0x11 zephyr/drivers/reset/libdrivers__reset.a(reset_stm32.c.obj)
 .rodata.str1.1
                0x0000000008004b8c        0x8 zephyr/drivers/sensor/st/stm32_temp/libdrivers__sensor__st__stm32_temp.a(stm32_temp.c.obj)
 .rodata.str1.1
                0x0000000008004b94       0x20 zephyr/drivers/serial/libdrivers__serial.a(uart_stm32.c.obj)
 .rodata.AHBPrescTable
                0x0000000008004bb4       0x10 modules/stm32/stm32cube/lib..__modules__hal__stm32__stm32cube.a(system_stm32f1xx.c.obj)
                0x0000000008004bb4                AHBPrescTable
 .rodata.aPredivFactorTable.0
                0x0000000008004bc4        0x2 modules/stm32/stm32cube/lib..__modules__hal__stm32__stm32cube.a(stm32f1xx_hal_rcc.c.obj)
 .rodata.aPLLMULFactorTable.1
                0x0000000008004bc6       0x10 modules/stm32/stm32cube/lib..__modules__hal__stm32__stm32cube.a(stm32f1xx_hal_rcc.c.obj)
 .rodata.z_cstart.str1.1
                0x0000000008004bd6        0x5 zephyr/kernel/libkernel.a(init.c.obj)
 .rodata.boot_banner.str1.1
                0x0000000008004bdb       0x3e zephyr/kernel/libkernel.a(banner.c.obj)
 .rodata.__l_vfprintf.str1.1
                0x0000000008004c19        0xf /home/mateusz/zephyr-sdk-0.16.8/arm-zephyr-eabi/bin/../lib/gcc/../../picolibc/arm-zephyr-eabi/lib/thumb/v7-m/nofp/libc.a(libc_tinystdio_vflprintf.c.o)
 *(SORT_BY_ALIGNMENT(.gnu.linkonce.r.*))
                0x0000000008004c28                . = ALIGN (0x4)
                0x0000000008004c28                __rodata_region_end = .
                0x0000000008004c28                . = ALIGN (_region_min_align)
                0x0000000008004c28                __rom_region_end = ((__rom_region_start + .) - ADDR (rom_start))

/DISCARD/
 *(SORT_BY_ALIGNMENT(.got.plt))
 *(SORT_BY_ALIGNMENT(.igot.plt))
 *(SORT_BY_ALIGNMENT(.got))
 *(SORT_BY_ALIGNMENT(.igot))
                0x0000000020000000                . = 0x20000000
                0x0000000020000000                . = ALIGN (_region_min_align)
                0x0000000020000000                _image_ram_start = .

.ramfunc        0x0000000020000000        0x0 load address 0x0000000008004c28
                0x0000000020000000                . = ALIGN (_region_min_align)
                0x0000000020000000                __ramfunc_start = .
 *(SORT_BY_ALIGNMENT(.ramfunc))
 *(SORT_BY_ALIGNMENT(.ramfunc.*))
                0x0000000020000000                . = ALIGN (_region_min_align)
                0x0000000020000000                __ramfunc_end = .
                0x0000000000000000                __ramfunc_size = (__ramfunc_end - __ramfunc_start)
                0x0000000008004c28                __ramfunc_load_start = LOADADDR (.ramfunc)

datas           0x0000000020000000      0x154 load address 0x0000000008004c28
                0x0000000020000000                __data_region_start = .
                0x0000000020000000                __data_start = .
 *(SORT_BY_ALIGNMENT(.data))
 *(SORT_BY_ALIGNMENT(.data.*))
 .data.adc_stm32_data_0
                0x0000000020000000       0xa8 zephyr/drivers/adc/libdrivers__adc.a(adc_stm32.c.obj)
 .data.sequence
                0x00000000200000a8       0x14 app/libapp.a(main.c.obj)
                0x00000000200000a8                sequence
 .data.gpioc_dev
                0x00000000200000bc        0x4 app/libapp.a(main.c.obj)
                0x00000000200000bc                gpioc_dev
 .data._char_out
                0x00000000200000c0        0x4 zephyr/libzephyr.a(printk.c.obj)
                0x00000000200000c0                _char_out
 .data.handler  0x00000000200000c4        0x4 zephyr/arch/arch/arm/core/libarch__arm__core.a(nmi.c.obj)
 .data.__stdout
                0x00000000200000c8       0x10 zephyr/lib/libc/picolibc/liblib__libc__picolibc.a(libc-hooks.c.obj)
 .data.stm32_temp_dev_data
                0x00000000200000d8       0x3c zephyr/drivers/sensor/st/stm32_temp/libdrivers__sensor__st__stm32_temp.a(stm32_temp.c.obj)
 .data.uart_stm32_data_1
                0x0000000020000114        0x8 zephyr/drivers/serial/libdrivers__serial.a(uart_stm32.c.obj)
 .data.uart_cfg_1
                0x000000002000011c        0x8 zephyr/drivers/serial/libdrivers__serial.a(uart_stm32.c.obj)
 .data.uart_stm32_data_0
                0x0000000020000124        0x8 zephyr/drivers/serial/libdrivers__serial.a(uart_stm32.c.obj)
 .data.uart_cfg_0
                0x000000002000012c        0x8 zephyr/drivers/serial/libdrivers__serial.a(uart_stm32.c.obj)
 .data.SystemCoreClock
                0x0000000020000134        0x4 modules/stm32/stm32cube/lib..__modules__hal__stm32__stm32cube.a(system_stm32f1xx.c.obj)
                0x0000000020000134                SystemCoreClock
 .data.slice_ticks
                0x0000000020000138        0x4 zephyr/kernel/libkernel.a(timeslicing.c.obj)
 .data.timeout_list
                0x000000002000013c        0x8 zephyr/kernel/libkernel.a(timeout.c.obj)
 .data.exti_irq_table
                0x0000000020000144       0x10 zephyr/drivers/interrupt_controller/libdrivers__interrupt_controller.a(intc_exti_stm32.c.obj)
 *(SORT_BY_ALIGNMENT(.kernel.*))
                0x0000000020000154                __data_end = .
                0x0000000000000154                __data_size = (__data_end - __data_start)
                0x0000000008004c28                __data_load_start = LOADADDR (datas)
                0x0000000008004c28                __data_region_load_start = LOADADDR (datas)

device_states   0x0000000020000154       0x18 load address 0x0000000008004d7c
                0x0000000020000154                __device_states_start = .
 *(SORT_BY_ALIGNMENT(.z_devstate))
 .z_devstate    0x0000000020000154        0x2 zephyr/drivers/interrupt_controller/libdrivers__interrupt_controller.a(intc_exti_stm32.c.obj)
 .z_devstate    0x0000000020000156        0x2 zephyr/drivers/adc/libdrivers__adc.a(adc_stm32.c.obj)
 .z_devstate    0x0000000020000158        0x2 zephyr/drivers/clock_control/libdrivers__clock_control.a(clock_stm32_ll_common.c.obj)
 .z_devstate    0x000000002000015a        0xa zephyr/drivers/gpio/libdrivers__gpio.a(gpio_stm32.c.obj)
 .z_devstate    0x0000000020000164        0x2 zephyr/drivers/reset/libdrivers__reset.a(reset_stm32.c.obj)
 .z_devstate    0x0000000020000166        0x2 zephyr/drivers/sensor/st/stm32_temp/libdrivers__sensor__st__stm32_temp.a(stm32_temp.c.obj)
 .z_devstate    0x0000000020000168        0x4 zephyr/drivers/serial/libdrivers__serial.a(uart_stm32.c.obj)
 *(SORT_BY_ALIGNMENT(.z_devstate.*))
                0x000000002000016c                __device_states_end = .

log_mpsc_pbuf_area
                0x000000002000016c        0x0 load address 0x0000000008004d94
                0x000000002000016c                _log_mpsc_pbuf_list_start = .
 *(SORT_BY_NAME(SORT_BY_ALIGNMENT(._log_mpsc_pbuf.static.*)))
                0x000000002000016c                _log_mpsc_pbuf_list_end = .

log_msg_ptr_area
                0x000000002000016c        0x0 load address 0x0000000008004d94
                0x000000002000016c                _log_msg_ptr_list_start = .
 *(SORT_BY_NAME(SORT_BY_ALIGNMENT(._log_msg_ptr.static.*)))
                0x000000002000016c                _log_msg_ptr_list_end = .

log_dynamic_area
                0x000000002000016c        0x0 load address 0x0000000008004d94
                0x000000002000016c                _log_dynamic_list_start = .
 *(SORT_BY_NAME(SORT_BY_ALIGNMENT(._log_dynamic.static.*)))
                0x000000002000016c                _log_dynamic_list_end = .

k_timer_area    0x0000000020000170       0x38 load address 0x0000000008004d98
                0x0000000020000170                _k_timer_list_start = .
 *(SORT_BY_NAME(SORT_BY_ALIGNMENT(._k_timer.static.*)))
 ._k_timer.static.adc_sampler_
                0x0000000020000170       0x38 app/libapp.a(main.c.obj)
                0x0000000020000170                adc_sampler
                0x00000000200001a8                _k_timer_list_end = .

k_mem_slab_area
                0x00000000200001a8        0x0 load address 0x0000000008004dd0
                0x00000000200001a8                _k_mem_slab_list_start = .
 *(SORT_BY_NAME(SORT_BY_ALIGNMENT(._k_mem_slab.static.*)))
                0x00000000200001a8                _k_mem_slab_list_end = .

k_heap_area     0x00000000200001a8        0x0 load address 0x0000000008004dd0
                0x00000000200001a8                _k_heap_list_start = .
 *(SORT_BY_NAME(SORT_BY_ALIGNMENT(._k_heap.static.*)))
                0x00000000200001a8                _k_heap_list_end = .

k_mutex_area    0x00000000200001a8        0x0 load address 0x0000000008004dd0
                0x00000000200001a8                _k_mutex_list_start = .
 *(SORT_BY_NAME(SORT_BY_ALIGNMENT(._k_mutex.static.*)))
                0x00000000200001a8                _k_mutex_list_end = .

k_stack_area    0x00000000200001a8        0x0 load address 0x0000000008004dd0
                0x00000000200001a8                _k_stack_list_start = .
 *(SORT_BY_NAME(SORT_BY_ALIGNMENT(._k_stack.static.*)))
                0x00000000200001a8                _k_stack_list_end = .

k_msgq_area     0x00000000200001a8       0x28 load address 0x0000000008004dd0
                0x00000000200001a8                _k_msgq_list_start = .
 *(SORT_BY_NAME(SORT_BY_ALIGNMENT(._k_msgq.static.*)))
 ._k_msgq.static.adc_data_
                0x00000000200001a8       0x28 app/libapp.a(main.c.obj)
                0x00000000200001a8                adc_data
                0x00000000200001d0                _k_msgq_list_end = .

k_mbox_area     0x00000000200001d0        0x0 load address 0x0000000008004df8
                0x00000000200001d0                _k_mbox_list_start = .
 *(SORT_BY_NAME(SORT_BY_ALIGNMENT(._k_mbox.static.*)))
                0x00000000200001d0                _k_mbox_list_end = .

k_pipe_area     0x00000000200001d0        0x0 load address 0x0000000008004df8
                0x00000000200001d0                _k_pipe_list_start = .
 *(SORT_BY_NAME(SORT_BY_ALIGNMENT(._k_pipe.static.*)))
                0x00000000200001d0                _k_pipe_list_end = .

k_sem_area      0x00000000200001d0        0x0 load address 0x0000000008004df8
                0x00000000200001d0                _k_sem_list_start = .
 *(SORT_BY_NAME(SORT_BY_ALIGNMENT(._k_sem.static.*)))
                0x00000000200001d0                _k_sem_list_end = .

k_event_area    0x00000000200001d0        0x0 load address 0x0000000008004df8
                0x00000000200001d0                _k_event_list_start = .
 *(SORT_BY_NAME(SORT_BY_ALIGNMENT(._k_event.static.*)))
                0x00000000200001d0                _k_event_list_end = .

k_queue_area    0x00000000200001d0        0x0 load address 0x0000000008004df8
                0x00000000200001d0                _k_queue_list_start = .
 *(SORT_BY_NAME(SORT_BY_ALIGNMENT(._k_queue.static.*)))
                0x00000000200001d0                _k_queue_list_end = .

k_fifo_area     0x00000000200001d0        0x0 load address 0x0000000008004df8
                0x00000000200001d0                _k_fifo_list_start = .
 *(SORT_BY_NAME(SORT_BY_ALIGNMENT(._k_fifo.static.*)))
                0x00000000200001d0                _k_fifo_list_end = .

k_lifo_area     0x00000000200001d0        0x0 load address 0x0000000008004df8
                0x00000000200001d0                _k_lifo_list_start = .
 *(SORT_BY_NAME(SORT_BY_ALIGNMENT(._k_lifo.static.*)))
                0x00000000200001d0                _k_lifo_list_end = .

k_condvar_area  0x00000000200001d0        0x0 load address 0x0000000008004df8
                0x00000000200001d0                _k_condvar_list_start = .
 *(SORT_BY_NAME(SORT_BY_ALIGNMENT(._k_condvar.static.*)))
                0x00000000200001d0                _k_condvar_list_end = .

sys_mem_blocks_ptr_area
                0x00000000200001d0        0x0 load address 0x0000000008004df8
                0x00000000200001d0                _sys_mem_blocks_ptr_list_start = .
 *(SORT_BY_NAME(SORT_BY_ALIGNMENT(._sys_mem_blocks_ptr.static.*)))
                0x00000000200001d0                _sys_mem_blocks_ptr_list_end = .

net_buf_pool_area
                0x00000000200001d0        0x0 load address 0x0000000008004df8
                0x00000000200001d0                _net_buf_pool_list_start = .
 *(SORT_BY_NAME(SORT_BY_ALIGNMENT(._net_buf_pool.static.*)))
                0x00000000200001d0                _net_buf_pool_list_end = .
                0x00000000200001d0                __data_region_end = .

bss             0x00000000200001d0      0x3f9
                0x00000000200001d0                . = ALIGN (0x4)
                0x00000000200001d0                __bss_start = .
                0x00000000200001d0                __kernel_ram_start = .
 *(SORT_BY_ALIGNMENT(.bss))
 *(SORT_BY_ALIGNMENT(.bss.*))
 .bss._k_thread_obj_process_input
                0x00000000200001d0       0x70 app/libapp.a(main.c.obj)
                0x00000000200001d0                _k_thread_obj_process_input
 .bss._k_thread_obj_calculate
                0x0000000020000240       0x70 app/libapp.a(main.c.obj)
                0x0000000020000240                _k_thread_obj_calculate
 .bss._k_thread_obj_communicator
                0x00000000200002b0       0x70 app/libapp.a(main.c.obj)
                0x00000000200002b0                _k_thread_obj_communicator
 .bss.announced_cycles
                0x0000000020000320        0x8 zephyr/drivers/timer/libdrivers__timer.a(cortex_m_systick.c.obj)
 .bss.cycle_count
                0x0000000020000328        0x8 zephyr/drivers/timer/libdrivers__timer.a(cortex_m_systick.c.obj)
 .bss.z_idle_threads
                0x0000000020000330       0x70 zephyr/kernel/libkernel.a(init.c.obj)
                0x0000000020000330                z_idle_threads
 .bss.z_main_thread
                0x00000000200003a0       0x70 zephyr/kernel/libkernel.a(init.c.obj)
                0x00000000200003a0                z_main_thread
 .bss._thread_dummy
                0x0000000020000410       0x70 zephyr/kernel/libkernel.a(sched.c.obj)
                0x0000000020000410                _thread_dummy
 .bss.slice_timeouts
                0x0000000020000480       0x18 zephyr/kernel/libkernel.a(timeslicing.c.obj)
 .bss.curr_tick
                0x0000000020000498        0x8 zephyr/kernel/libkernel.a(timeout.c.obj)
 .bss.button_cb_data
                0x00000000200004a0        0xc app/libapp.a(main.c.obj)
                0x00000000200004a0                button_cb_data
 .bss.z_arm_tls_ptr
                0x00000000200004ac        0x4 zephyr/arch/arch/arm/core/libarch__arm__core.a(tls.c.obj)
                0x00000000200004ac                z_arm_tls_ptr
 .bss._stdout_hook
                0x00000000200004b0        0x4 zephyr/lib/libc/picolibc/liblib__libc__picolibc.a(libc-hooks.c.obj)
 .bss.z_malloc_heap
                0x00000000200004b4        0xc zephyr/lib/libc/common/liblib__libc__common.a(malloc.c.obj)
 .bss.exti_data
                0x00000000200004c0       0x80 zephyr/drivers/interrupt_controller/libdrivers__interrupt_controller.a(intc_exti_stm32.c.obj)
 .bss.gpio_stm32_data_e
                0x0000000020000540       0x10 zephyr/drivers/gpio/libdrivers__gpio.a(gpio_stm32.c.obj)
 .bss.gpio_stm32_data_d
                0x0000000020000550       0x10 zephyr/drivers/gpio/libdrivers__gpio.a(gpio_stm32.c.obj)
 .bss.gpio_stm32_data_c
                0x0000000020000560       0x10 zephyr/drivers/gpio/libdrivers__gpio.a(gpio_stm32.c.obj)
 .bss.gpio_stm32_data_b
                0x0000000020000570       0x10 zephyr/drivers/gpio/libdrivers__gpio.a(gpio_stm32.c.obj)
 .bss.gpio_stm32_data_a
                0x0000000020000580       0x10 zephyr/drivers/gpio/libdrivers__gpio.a(gpio_stm32.c.obj)
 .bss.overflow_cyc
                0x0000000020000590        0x4 zephyr/drivers/timer/libdrivers__timer.a(cortex_m_systick.c.obj)
 .bss.last_load
                0x0000000020000594        0x4 zephyr/drivers/timer/libdrivers__timer.a(cortex_m_systick.c.obj)
 .bss._kernel   0x0000000020000598       0x20 zephyr/kernel/libkernel.a(init.c.obj)
                0x0000000020000598                _kernel
 .bss.pending_current
                0x00000000200005b8        0x4 zephyr/kernel/libkernel.a(timeslicing.c.obj)
                0x00000000200005b8                pending_current
 .bss.slice_max_prio
                0x00000000200005bc        0x4 zephyr/kernel/libkernel.a(timeslicing.c.obj)
 .bss.announce_remaining
                0x00000000200005c0        0x4 zephyr/kernel/libkernel.a(timeout.c.obj)
 .bss.buf       0x00000000200005c4        0x2 app/libapp.a(main.c.obj)
                0x00000000200005c4                buf
 .bss.pressedTimes.0
                0x00000000200005c6        0x1 app/libapp.a(main.c.obj)
 .bss.z_sys_post_kernel
                0x00000000200005c7        0x1 zephyr/kernel/libkernel.a(init.c.obj)
                0x00000000200005c7                z_sys_post_kernel
 .bss.lock      0x00000000200005c8        0x0 zephyr/kernel/libkernel.a(mutex.c.obj)
 .bss.lock      0x00000000200005c8        0x0 zephyr/kernel/libkernel.a(sem.c.obj)
 .bss._sched_spinlock
                0x00000000200005c8        0x0 zephyr/kernel/libkernel.a(sched.c.obj)
                0x00000000200005c8                _sched_spinlock
 .bss.slice_expired
                0x00000000200005c8        0x1 zephyr/kernel/libkernel.a(timeslicing.c.obj)
 *(SORT_BY_ALIGNMENT(COMMON))
 *(SORT_BY_ALIGNMENT(.kernel_bss.*))
                0x00000000200005cc                __bss_end = ALIGN (0x4)

noinit          0x00000000200005d0     0x13c2
 *(SORT_BY_ALIGNMENT(.noinit))
 *(SORT_BY_ALIGNMENT(.noinit.*))
 .noinit."WEST_TOPDIR/example-application/pulsometer/src/main.c".3
                0x00000000200005d0      0x100 app/libapp.a(main.c.obj)
                0x00000000200005d0                _k_thread_stack_process_input
 .noinit."WEST_TOPDIR/example-application/pulsometer/src/main.c".2
                0x00000000200006d0      0x200 app/libapp.a(main.c.obj)
                0x00000000200006d0                _k_thread_stack_calculate
 .noinit."WEST_TOPDIR/example-application/pulsometer/src/main.c".1
                0x00000000200008d0      0x200 app/libapp.a(main.c.obj)
                0x00000000200008d0                _k_thread_stack_communicator
 .noinit."WEST_TOPDIR/zephyr/kernel/init.c".2
                0x0000000020000ad0      0x800 zephyr/kernel/libkernel.a(init.c.obj)
                0x0000000020000ad0                z_interrupt_stacks
 .noinit."WEST_TOPDIR/zephyr/kernel/init.c".1
                0x00000000200012d0      0x100 zephyr/kernel/libkernel.a(init.c.obj)
 .noinit."WEST_TOPDIR/zephyr/kernel/init.c".0
                0x00000000200013d0      0x400 zephyr/kernel/libkernel.a(init.c.obj)
                0x00000000200013d0                z_main_stack
 .noinit."WEST_TOPDIR/example-application/pulsometer/src/main.c".0
                0x00000000200017d0      0x1c2 app/libapp.a(main.c.obj)
 *(SORT_BY_ALIGNMENT(.kernel_noinit.*))
                0x0000000020005000                __kernel_ram_end = 0x20005000
                0x0000000000004e30                __kernel_ram_size = (__kernel_ram_end - __kernel_ram_start)

/DISCARD/
 *(SORT_BY_ALIGNMENT(.irq_info*))
 *(SORT_BY_ALIGNMENT(.intList*))

.last_ram_section
                0x0000000020001992        0x0
                0x0000000020001992                _image_ram_end = .
                0x0000000000001992                _image_ram_size = (_image_ram_end - _image_ram_start)
                0x0000000020001992                _end = .
                0x0000000020001992                z_mapped_end = .

.stab
 *(SORT_BY_ALIGNMENT(.stab))

.stabstr
 *(SORT_BY_ALIGNMENT(.stabstr))

.stab.excl
 *(SORT_BY_ALIGNMENT(.stab.excl))

.stab.exclstr
 *(SORT_BY_ALIGNMENT(.stab.exclstr))

.stab.index
 *(SORT_BY_ALIGNMENT(.stab.index))

.stab.indexstr
 *(SORT_BY_ALIGNMENT(.stab.indexstr))

.gnu.build.attributes
 *(SORT_BY_ALIGNMENT(.gnu.build.attributes) SORT_BY_ALIGNMENT(.gnu.build.attributes.*))

.comment        0x0000000000000000       0x20
 *(SORT_BY_ALIGNMENT(.comment))
 .comment       0x0000000000000000       0x20 zephyr/CMakeFiles/zephyr_final.dir/isr_tables.c.obj
                                         0x21 (size before relaxing)
 .comment       0x0000000000000020       0x21 zephyr/CMakeFiles/offsets.dir/./arch/arm/core/offsets/offsets.c.obj
 .comment       0x0000000000000020       0x21 app/libapp.a(main.c.obj)
 .comment       0x0000000000000020       0x21 zephyr/libzephyr.a(heap.c.obj)
 .comment       0x0000000000000020       0x21 zephyr/libzephyr.a(printk.c.obj)
 .comment       0x0000000000000020       0x21 zephyr/libzephyr.a(thread_entry.c.obj)
 .comment       0x0000000000000020       0x21 zephyr/libzephyr.a(configs.c.obj)
 .comment       0x0000000000000020       0x21 zephyr/libzephyr.a(soc_config.c.obj)
 .comment       0x0000000000000020       0x21 zephyr/libzephyr.a(soc.c.obj)
 .comment       0x0000000000000020       0x21 zephyr/arch/arch/arm/core/libarch__arm__core.a(fatal.c.obj)
 .comment       0x0000000000000020       0x21 zephyr/arch/arch/arm/core/libarch__arm__core.a(nmi.c.obj)
 .comment       0x0000000000000020       0x21 zephyr/arch/arch/arm/core/libarch__arm__core.a(tls.c.obj)
 .comment       0x0000000000000020       0x21 zephyr/arch/arch/arm/core/cortex_m/libarch__arm__core__cortex_m.a(exc_exit.c.obj)
 .comment       0x0000000000000020       0x21 zephyr/arch/arch/arm/core/cortex_m/libarch__arm__core__cortex_m.a(fault.c.obj)
 .comment       0x0000000000000020       0x21 zephyr/arch/arch/arm/core/cortex_m/libarch__arm__core__cortex_m.a(thread_abort.c.obj)
 .comment       0x0000000000000020       0x21 zephyr/arch/arch/arm/core/cortex_m/libarch__arm__core__cortex_m.a(swap.c.obj)
 .comment       0x0000000000000020       0x21 zephyr/arch/arch/arm/core/cortex_m/libarch__arm__core__cortex_m.a(irq_manage.c.obj)
 .comment       0x0000000000000020       0x21 zephyr/arch/arch/arm/core/cortex_m/libarch__arm__core__cortex_m.a(prep_c.c.obj)
 .comment       0x0000000000000020       0x21 zephyr/arch/arch/arm/core/cortex_m/libarch__arm__core__cortex_m.a(thread.c.obj)
 .comment       0x0000000000000020       0x21 zephyr/arch/arch/arm/core/cortex_m/libarch__arm__core__cortex_m.a(cpu_idle.c.obj)
 .comment       0x0000000000000020       0x21 zephyr/arch/arch/arm/core/cortex_m/libarch__arm__core__cortex_m.a(irq_init.c.obj)
 .comment       0x0000000000000020       0x21 zephyr/arch/arch/arm/core/cortex_m/libarch__arm__core__cortex_m.a(isr_wrapper.c.obj)
 .comment       0x0000000000000020       0x21 zephyr/lib/libc/picolibc/liblib__libc__picolibc.a(libc-hooks.c.obj)
 .comment       0x0000000000000020       0x21 zephyr/lib/libc/common/liblib__libc__common.a(malloc.c.obj)
 .comment       0x0000000000000020       0x21 zephyr/drivers/interrupt_controller/libdrivers__interrupt_controller.a(intc_exti_stm32.c.obj)
 .comment       0x0000000000000020       0x21 zephyr/drivers/adc/libdrivers__adc.a(adc_stm32.c.obj)
 .comment       0x0000000000000020       0x21 zephyr/drivers/clock_control/libdrivers__clock_control.a(clock_stm32_ll_common.c.obj)
 .comment       0x0000000000000020       0x21 zephyr/drivers/clock_control/libdrivers__clock_control.a(clock_stm32f1.c.obj)
 .comment       0x0000000000000020       0x21 zephyr/drivers/console/libdrivers__console.a(uart_console.c.obj)
 .comment       0x0000000000000020       0x21 zephyr/drivers/gpio/libdrivers__gpio.a(gpio_stm32.c.obj)
 .comment       0x0000000000000020       0x21 zephyr/drivers/pinctrl/libdrivers__pinctrl.a(common.c.obj)
 .comment       0x0000000000000020       0x21 zephyr/drivers/pinctrl/libdrivers__pinctrl.a(pinctrl_stm32.c.obj)
 .comment       0x0000000000000020       0x21 zephyr/drivers/reset/libdrivers__reset.a(reset_stm32.c.obj)
 .comment       0x0000000000000020       0x21 zephyr/drivers/sensor/st/stm32_temp/libdrivers__sensor__st__stm32_temp.a(stm32_temp.c.obj)
 .comment       0x0000000000000020       0x21 zephyr/drivers/serial/libdrivers__serial.a(uart_stm32.c.obj)
 .comment       0x0000000000000020       0x21 zephyr/drivers/timer/libdrivers__timer.a(cortex_m_systick.c.obj)
 .comment       0x0000000000000020       0x21 modules/stm32/stm32cube/lib..__modules__hal__stm32__stm32cube.a(system_stm32f1xx.c.obj)
 .comment       0x0000000000000020       0x21 modules/stm32/stm32cube/lib..__modules__hal__stm32__stm32cube.a(stm32f1xx_hal_rcc.c.obj)
 .comment       0x0000000000000020       0x21 modules/stm32/stm32cube/lib..__modules__hal__stm32__stm32cube.a(stm32f1xx_ll_utils.c.obj)
 .comment       0x0000000000000020       0x21 zephyr/kernel/libkernel.a(device.c.obj)
 .comment       0x0000000000000020       0x21 zephyr/kernel/libkernel.a(fatal.c.obj)
 .comment       0x0000000000000020       0x21 zephyr/kernel/libkernel.a(init.c.obj)
 .comment       0x0000000000000020       0x21 zephyr/kernel/libkernel.a(init_static.c.obj)
 .comment       0x0000000000000020       0x21 zephyr/kernel/libkernel.a(idle.c.obj)
 .comment       0x0000000000000020       0x21 zephyr/kernel/libkernel.a(msg_q.c.obj)
 .comment       0x0000000000000020       0x21 zephyr/kernel/libkernel.a(mutex.c.obj)
 .comment       0x0000000000000020       0x21 zephyr/kernel/libkernel.a(sem.c.obj)
 .comment       0x0000000000000020       0x21 zephyr/kernel/libkernel.a(thread.c.obj)
 .comment       0x0000000000000020       0x21 zephyr/kernel/libkernel.a(sched.c.obj)
 .comment       0x0000000000000020       0x21 zephyr/kernel/libkernel.a(timeslicing.c.obj)
 .comment       0x0000000000000020       0x21 zephyr/kernel/libkernel.a(xip.c.obj)
 .comment       0x0000000000000020       0x21 zephyr/kernel/libkernel.a(timeout.c.obj)
 .comment       0x0000000000000020       0x21 zephyr/kernel/libkernel.a(timer.c.obj)
 .comment       0x0000000000000020       0x21 zephyr/kernel/libkernel.a(banner.c.obj)
 .comment       0x0000000000000020       0x21 zephyr/kernel/libkernel.a(kheap.c.obj)

.debug
 *(SORT_BY_ALIGNMENT(.debug))

.line
 *(SORT_BY_ALIGNMENT(.line))

.debug_srcinfo
 *(SORT_BY_ALIGNMENT(.debug_srcinfo))

.debug_sfnames
 *(SORT_BY_ALIGNMENT(.debug_sfnames))

.debug_aranges  0x0000000000000000      0xfb8
 *(SORT_BY_ALIGNMENT(.debug_aranges))
 .debug_aranges
                0x0000000000000000       0x20 zephyr/arch/arch/arm/core/libarch__arm__core.a(nmi_on_reset.S.obj)
 .debug_aranges
                0x0000000000000020       0x20 zephyr/arch/arch/arm/core/cortex_m/libarch__arm__core__cortex_m.a(fault_s.S.obj)
 .debug_aranges
                0x0000000000000040       0x20 zephyr/arch/arch/arm/core/cortex_m/libarch__arm__core__cortex_m.a(reset.S.obj)
 .debug_aranges
                0x0000000000000060       0x28 zephyr/arch/arch/arm/core/cortex_m/libarch__arm__core__cortex_m.a(swap_helper.S.obj)
 .debug_aranges
                0x0000000000000088       0x20 zephyr/arch/arch/arm/core/cortex_m/libarch__arm__core__cortex_m.a(__aeabi_read_tp.S.obj)
 .debug_aranges
                0x00000000000000a8       0x18 zephyr/CMakeFiles/zephyr_final.dir/isr_tables.c.obj
 .debug_aranges
                0x00000000000000c0       0x20 zephyr/CMakeFiles/offsets.dir/./arch/arm/core/offsets/offsets.c.obj
 .debug_aranges
                0x00000000000000e0       0x48 app/libapp.a(main.c.obj)
 .debug_aranges
                0x0000000000000128       0x88 zephyr/libzephyr.a(heap.c.obj)
 .debug_aranges
                0x00000000000001b0       0x50 zephyr/libzephyr.a(printk.c.obj)
 .debug_aranges
                0x0000000000000200       0x20 zephyr/libzephyr.a(thread_entry.c.obj)
 .debug_aranges
                0x0000000000000220       0x20 zephyr/libzephyr.a(configs.c.obj)
 .debug_aranges
                0x0000000000000240       0x20 zephyr/libzephyr.a(soc_config.c.obj)
 .debug_aranges
                0x0000000000000260       0x20 zephyr/libzephyr.a(soc.c.obj)
 .debug_aranges
                0x0000000000000280       0x30 zephyr/arch/arch/arm/core/libarch__arm__core.a(fatal.c.obj)
 .debug_aranges
                0x00000000000002b0       0x28 zephyr/arch/arch/arm/core/libarch__arm__core.a(nmi.c.obj)
 .debug_aranges
                0x00000000000002d8       0x20 zephyr/arch/arch/arm/core/libarch__arm__core.a(tls.c.obj)
 .debug_aranges
                0x00000000000002f8       0x20 zephyr/arch/arch/arm/core/cortex_m/libarch__arm__core__cortex_m.a(exc_exit.c.obj)
 .debug_aranges
                0x0000000000000318       0x40 zephyr/arch/arch/arm/core/cortex_m/libarch__arm__core__cortex_m.a(fault.c.obj)
 .debug_aranges
                0x0000000000000358       0x20 zephyr/arch/arch/arm/core/cortex_m/libarch__arm__core__cortex_m.a(thread_abort.c.obj)
 .debug_aranges
                0x0000000000000378       0x28 zephyr/arch/arch/arm/core/cortex_m/libarch__arm__core__cortex_m.a(swap.c.obj)
 .debug_aranges