../Drivers/CMSIS/Include/core_cm3.h:1876:26:ITM_SendChar	16	static,ignoring_inline_asm
../Core/Src/main.c:81:5:__io_putchar	16	static
../Core/Src/main.c:91:5:main	32	static
../Core/Src/main.c:239:6:SystemClock_Config	88	static
../Core/Src/main.c:285:13:MX_ADC1_Init	24	static
../Core/Src/main.c:332:13:MX_TIM3_Init	32	static
../Core/Src/main.c:377:13:MX_TIM4_Init	32	static
../Core/Src/main.c:422:13:MX_USART2_UART_Init	8	static
../Core/Src/main.c:455:13:MX_GPIO_Init	40	static
../Core/Src/main.c:492:6:HAL_GPIO_EXTI_Callback	16	static
../Core/Src/main.c:499:6:HAL_ADC_ConvCpltCallback	16	static
../Core/Src/main.c:516:6:Error_Handler	4	static,ignoring_inline_asm
